Output of:
gcc -m32 -Wall -Wshadow -Wwrite-strings -Wundef -Wstrict-prototypes -Wunused -Wunused-parameter -Wunused-function -Wunused-value -Wmissing-prototypes -Wmissing-declarations -Wno-format-security -Wdeclaration-after-statement -Wold-style-definition -fno-builtin-strlen -finline-limit=0 -fomit-frame-pointer -ffunction-sections -fdata-sections -fno-guess-branch-probability -funsigned-char -static-libgcc -falign-functions=1 -falign-jumps=1 -falign-labels=1 -falign-loops=1 -fno-unwind-tables -fno-asynchronous-unwind-tables -fno-builtin-printf -Os -static -o busybox_unstripped -Wl,--sort-common -Wl,--sort-section,alignment -Wl,--start-group applets/built-in.o archival/lib.a archival/libarchive/lib.a console-tools/lib.a coreutils/lib.a coreutils/libcoreutils/lib.a debianutils/lib.a e2fsprogs/lib.a editors/lib.a findutils/lib.a init/lib.a libbb/lib.a libpwdgrp/lib.a loginutils/lib.a mailutils/lib.a miscutils/lib.a modutils/lib.a networking/lib.a networking/libiproute/lib.a networking/udhcp/lib.a printutils/lib.a procps/lib.a runit/lib.a selinux/lib.a shell/lib.a sysklogd/lib.a util-linux/lib.a util-linux/volume_id/lib.a archival/built-in.o archival/libarchive/built-in.o console-tools/built-in.o coreutils/built-in.o coreutils/libcoreutils/built-in.o debianutils/built-in.o e2fsprogs/built-in.o editors/built-in.o findutils/built-in.o init/built-in.o libbb/built-in.o libpwdgrp/built-in.o loginutils/built-in.o mailutils/built-in.o miscutils/built-in.o modutils/built-in.o networking/built-in.o networking/libiproute/built-in.o networking/udhcp/built-in.o printutils/built-in.o procps/built-in.o runit/built-in.o selinux/built-in.o shell/built-in.o sysklogd/built-in.o util-linux/built-in.o util-linux/volume_id/built-in.o -Wl,--end-group -Wl,--start-group -lcrypt -lm -Wl,--end-group -Wl,--warn-common -Wl,-Map,busybox_unstripped.map -Wl,--verbose
==========
GNU ld (GNU Binutils for Ubuntu) 2.24
  Supported emulations:
   elf_x86_64
   elf32_x86_64
   elf_i386
   i386linux
   elf_l1om
   elf_k1om
   i386pep
   i386pe
using internal linker script:
==================================================
/* Script for -z combreloc: combine and sort reloc sections */
OUTPUT_FORMAT("elf32-i386", "elf32-i386",
	      "elf32-i386")
OUTPUT_ARCH(i386)
ENTRY(_start)
SEARCH_DIR("/usr/i386-linux-gnu/lib32"); SEARCH_DIR("/usr/x86_64-linux-gnu/lib32"); SEARCH_DIR("=/usr/local/lib/i386-linux-gnu"); SEARCH_DIR("=/usr/local/lib32"); SEARCH_DIR("=/lib/i386-linux-gnu"); SEARCH_DIR("=/lib32"); SEARCH_DIR("=/usr/lib/i386-linux-gnu"); SEARCH_DIR("=/usr/lib32"); SEARCH_DIR("=/usr/local/lib"); SEARCH_DIR("=/lib"); SEARCH_DIR("=/usr/lib");
SECTIONS
{
  /* Read-only sections, merged into text segment: */
  PROVIDE (__executable_start = SEGMENT_START("text-segment", 0x08048000)); . = SEGMENT_START("text-segment", 0x08048000) + SIZEOF_HEADERS;
  .interp         : { *(.interp) }
  .note.gnu.build-id : { *(.note.gnu.build-id) }
  .hash           : { *(.hash) }
  .gnu.hash       : { *(.gnu.hash) }
  .dynsym         : { *(.dynsym) }
  .dynstr         : { *(.dynstr) }
  .gnu.version    : { *(.gnu.version) }
  .gnu.version_d  : { *(.gnu.version_d) }
  .gnu.version_r  : { *(.gnu.version_r) }
  .rel.dyn        :
    {
      *(.rel.init)
      *(.rel.text .rel.text.* .rel.gnu.linkonce.t.*)
      *(.rel.fini)
      *(.rel.rodata .rel.rodata.* .rel.gnu.linkonce.r.*)
      *(.rel.data.rel.ro .rel.data.rel.ro.* .rel.gnu.linkonce.d.rel.ro.*)
      *(.rel.data .rel.data.* .rel.gnu.linkonce.d.*)
      *(.rel.tdata .rel.tdata.* .rel.gnu.linkonce.td.*)
      *(.rel.tbss .rel.tbss.* .rel.gnu.linkonce.tb.*)
      *(.rel.ctors)
      *(.rel.dtors)
      *(.rel.got)
      *(.rel.bss .rel.bss.* .rel.gnu.linkonce.b.*)
      *(.rel.ifunc)
    }
  .rel.plt        :
    {
      *(.rel.plt)
      PROVIDE_HIDDEN (__rel_iplt_start = .);
      *(.rel.iplt)
      PROVIDE_HIDDEN (__rel_iplt_end = .);
    }
  .init           :
  {
    KEEP (*(SORT_NONE(.init)))
  }
  .plt            : { *(.plt) *(.iplt) }
  .text           :
  {
    *(.text.unlikely .text.*_unlikely .text.unlikely.*)
    *(.text.exit .text.exit.*)
    *(.text.startup .text.startup.*)
    *(.text.hot .text.hot.*)
    *(.text .stub .text.* .gnu.linkonce.t.*)
    /* .gnu.warning sections are handled specially by elf32.em.  */
    *(.gnu.warning)
  }
  .fini           :
  {
    KEEP (*(SORT_NONE(.fini)))
  }
  PROVIDE (__etext = .);
  PROVIDE (_etext = .);
  PROVIDE (etext = .);
  .rodata         : { *(.rodata .rodata.* .gnu.linkonce.r.*) }
  .rodata1        : { *(.rodata1) }
  .eh_frame_hdr : { *(.eh_frame_hdr) }
  .eh_frame       : ONLY_IF_RO { KEEP (*(.eh_frame)) }
  .gcc_except_table   : ONLY_IF_RO { *(.gcc_except_table
  .gcc_except_table.*) }
  /* These sections are generated by the Sun/Oracle C++ compiler.  */
  .exception_ranges   : ONLY_IF_RO { *(.exception_ranges
  .exception_ranges*) }
  /* Adjust the address for the data segment.  We want to adjust up to
     the same address within the page on the next page up.  */
  . = ALIGN (CONSTANT (MAXPAGESIZE)) - ((CONSTANT (MAXPAGESIZE) - .) & (CONSTANT (MAXPAGESIZE) - 1)); . = DATA_SEGMENT_ALIGN (CONSTANT (MAXPAGESIZE), CONSTANT (COMMONPAGESIZE));
  /* Exception handling  */
  .eh_frame       : ONLY_IF_RW { KEEP (*(.eh_frame)) }
  .gcc_except_table   : ONLY_IF_RW { *(.gcc_except_table .gcc_except_table.*) }
  .exception_ranges   : ONLY_IF_RW { *(.exception_ranges .exception_ranges*) }
  /* Thread Local Storage sections  */
  .tdata	  : { *(.tdata .tdata.* .gnu.linkonce.td.*) }
  .tbss		  : { *(.tbss .tbss.* .gnu.linkonce.tb.*) *(.tcommon) }
  .preinit_array     :
  {
    PROVIDE_HIDDEN (__preinit_array_start = .);
    KEEP (*(.preinit_array))
    PROVIDE_HIDDEN (__preinit_array_end = .);
  }
  .init_array     :
  {
    PROVIDE_HIDDEN (__init_array_start = .);
    KEEP (*(SORT_BY_INIT_PRIORITY(.init_array.*) SORT_BY_INIT_PRIORITY(.ctors.*)))
    KEEP (*(.init_array EXCLUDE_FILE (*crtbegin.o *crtbegin?.o *crtend.o *crtend?.o ) .ctors))
    PROVIDE_HIDDEN (__init_array_end = .);
  }
  .fini_array     :
  {
    PROVIDE_HIDDEN (__fini_array_start = .);
    KEEP (*(SORT_BY_INIT_PRIORITY(.fini_array.*) SORT_BY_INIT_PRIORITY(.dtors.*)))
    KEEP (*(.fini_array EXCLUDE_FILE (*crtbegin.o *crtbegin?.o *crtend.o *crtend?.o ) .dtors))
    PROVIDE_HIDDEN (__fini_array_end = .);
  }
  .ctors          :
  {
    /* gcc uses crtbegin.o to find the start of
       the constructors, so we make sure it is
       first.  Because this is a wildcard, it
       doesn't matter if the user does not
       actually link against crtbegin.o; the
       linker won't look for a file to match a
       wildcard.  The wildcard also means that it
       doesn't matter which directory crtbegin.o
       is in.  */
    KEEP (*crtbegin.o(.ctors))
    KEEP (*crtbegin?.o(.ctors))
    /* We don't want to include the .ctor section from
       the crtend.o file until after the sorted ctors.
       The .ctor section from the crtend file contains the
       end of ctors marker and it must be last */
    KEEP (*(EXCLUDE_FILE (*crtend.o *crtend?.o ) .ctors))
    KEEP (*(SORT(.ctors.*)))
    KEEP (*(.ctors))
  }
  .dtors          :
  {
    KEEP (*crtbegin.o(.dtors))
    KEEP (*crtbegin?.o(.dtors))
    KEEP (*(EXCLUDE_FILE (*crtend.o *crtend?.o ) .dtors))
    KEEP (*(SORT(.dtors.*)))
    KEEP (*(.dtors))
  }
  .jcr            : { KEEP (*(.jcr)) }
  .data.rel.ro : { *(.data.rel.ro.local* .gnu.linkonce.d.rel.ro.local.*) *(.data.rel.ro .data.rel.ro.* .gnu.linkonce.d.rel.ro.*) }
  .dynamic        : { *(.dynamic) }
  .got            : { *(.got) *(.igot) }
  . = DATA_SEGMENT_RELRO_END (SIZEOF (.got.plt) >= 12 ? 12 : 0, .);
  .got.plt        : { *(.got.plt)  *(.igot.plt) }
  .data           :
  {
    *(.data .data.* .gnu.linkonce.d.*)
    SORT(CONSTRUCTORS)
  }
  .data1          : { *(.data1) }
  _edata = .; PROVIDE (edata = .);
  . = .;
  __bss_start = .;
  .bss            :
  {
   *(.dynbss)
   *(.bss .bss.* .gnu.linkonce.b.*)
   *(COMMON)
   /* Align here to ensure that the .bss section occupies space up to
      _end.  Align after .bss to ensure correct alignment even if the
      .bss section disappears because there are no input sections.
      FIXME: Why do we need it? When there is no .bss section, we don't
      pad the .data section.  */
   . = ALIGN(. != 0 ? 32 / 8 : 1);
  }
  . = ALIGN(32 / 8);
  . = SEGMENT_START("ldata-segment", .);
  . = ALIGN(32 / 8);
  _end = .; PROVIDE (end = .);
  . = DATA_SEGMENT_END (.);
  /* Stabs debugging sections.  */
  .stab          0 : { *(.stab) }
  .stabstr       0 : { *(.stabstr) }
  .stab.excl     0 : { *(.stab.excl) }
  .stab.exclstr  0 : { *(.stab.exclstr) }
  .stab.index    0 : { *(.stab.index) }
  .stab.indexstr 0 : { *(.stab.indexstr) }
  .comment       0 : { *(.comment) }
  /* DWARF debug sections.
     Symbols in the DWARF debugging sections are relative to the beginning
     of the section so we begin them at 0.  */
  /* DWARF 1 */
  .debug          0 : { *(.debug) }
  .line           0 : { *(.line) }
  /* GNU DWARF 1 extensions */
  .debug_srcinfo  0 : { *(.debug_srcinfo) }
  .debug_sfnames  0 : { *(.debug_sfnames) }
  /* DWARF 1.1 and DWARF 2 */
  .debug_aranges  0 : { *(.debug_aranges) }
  .debug_pubnames 0 : { *(.debug_pubnames) }
  /* DWARF 2 */
  .debug_info     0 : { *(.debug_info .gnu.linkonce.wi.*) }
  .debug_abbrev   0 : { *(.debug_abbrev) }
  .debug_line     0 : { *(.debug_line .debug_line.* .debug_line_end ) }
  .debug_frame    0 : { *(.debug_frame) }
  .debug_str      0 : { *(.debug_str) }
  .debug_loc      0 : { *(.debug_loc) }
  .debug_macinfo  0 : { *(.debug_macinfo) }
  /* SGI/MIPS DWARF 2 extensions */
  .debug_weaknames 0 : { *(.debug_weaknames) }
  .debug_funcnames 0 : { *(.debug_funcnames) }
  .debug_typenames 0 : { *(.debug_typenames) }
  .debug_varnames  0 : { *(.debug_varnames) }
  /* DWARF 3 */
  .debug_pubtypes 0 : { *(.debug_pubtypes) }
  .debug_ranges   0 : { *(.debug_ranges) }
  /* DWARF Extension.  */
  .debug_macro    0 : { *(.debug_macro) }
  .gnu.attributes 0 : { KEEP (*(.gnu.attributes)) }
  /DISCARD/ : { *(.note.GNU-stack) *(.gnu_debuglink) *(.gnu.lto_*) }
}


==================================================
attempt to open /usr/lib/gcc/x86_64-linux-gnu/4.8/../../../../lib32/crt1.o succeeded
/usr/lib/gcc/x86_64-linux-gnu/4.8/../../../../lib32/crt1.o
attempt to open /usr/lib/gcc/x86_64-linux-gnu/4.8/../../../../lib32/crti.o succeeded
/usr/lib/gcc/x86_64-linux-gnu/4.8/../../../../lib32/crti.o
attempt to open /usr/lib/gcc/x86_64-linux-gnu/4.8/32/crtbeginT.o succeeded
/usr/lib/gcc/x86_64-linux-gnu/4.8/32/crtbeginT.o
attempt to open applets/built-in.o succeeded
applets/built-in.o
attempt to open archival/lib.a succeeded
attempt to open archival/libarchive/lib.a succeeded
attempt to open console-tools/lib.a succeeded
attempt to open coreutils/lib.a succeeded
attempt to open coreutils/libcoreutils/lib.a succeeded
attempt to open debianutils/lib.a succeeded
attempt to open e2fsprogs/lib.a succeeded
attempt to open editors/lib.a succeeded
attempt to open findutils/lib.a succeeded
attempt to open init/lib.a succeeded
attempt to open libbb/lib.a succeeded
(libbb/lib.a)appletlib.o
(libbb/lib.a)compare_string_array.o
(libbb/lib.a)concat_path_file.o
(libbb/lib.a)default_error_retval.o
(libbb/lib.a)get_last_path_component.o
(libbb/lib.a)last_char_is.o
(libbb/lib.a)llist.o
(libbb/lib.a)messages.o
(libbb/lib.a)perror_msg.o
(libbb/lib.a)ptr_to_globals.o
(libbb/lib.a)skip_whitespace.o
(libbb/lib.a)verror_msg.o
(libbb/lib.a)wfopen.o
(libbb/lib.a)xfunc_die.o
(libbb/lib.a)xfuncs.o
(libbb/lib.a)xfuncs_printf.o
(libbb/lib.a)xreadlink.o
(libbb/lib.a)copyfd.o
(libbb/lib.a)full_write.o
(libbb/lib.a)read.o
(libbb/lib.a)safe_write.o
(libbb/lib.a)signals.o
(libbb/lib.a)time.o
(libbb/lib.a)bb_strtonum.o
attempt to open libpwdgrp/lib.a succeeded
(libpwdgrp/lib.a)uidgid_get.o
attempt to open loginutils/lib.a succeeded
attempt to open mailutils/lib.a succeeded
attempt to open miscutils/lib.a succeeded
(miscutils/lib.a)adjtimex.o
(miscutils/lib.a)beep.o
(miscutils/lib.a)chat.o
(miscutils/lib.a)chrt.o
(miscutils/lib.a)conspy.o
(miscutils/lib.a)crond.o
(miscutils/lib.a)crontab.o
(miscutils/lib.a)dc.o
(miscutils/lib.a)devmem.o
(miscutils/lib.a)eject.o
(miscutils/lib.a)fbsplash.o
(miscutils/lib.a)hdparm.o
(miscutils/lib.a)i2c_tools.o
(miscutils/lib.a)ionice.o
(miscutils/lib.a)last_fancy.o
(miscutils/lib.a)less.o
(miscutils/lib.a)makedevs.o
(miscutils/lib.a)man.o
(miscutils/lib.a)microcom.o
(miscutils/lib.a)mountpoint.o
(miscutils/lib.a)mt.o
(miscutils/lib.a)nandwrite.o
(miscutils/lib.a)raidautorun.o
(miscutils/lib.a)readahead.o
(miscutils/lib.a)runlevel.o
(miscutils/lib.a)rx.o
(miscutils/lib.a)setserial.o
(miscutils/lib.a)setsid.o
(miscutils/lib.a)strings.o
(miscutils/lib.a)time.o
(miscutils/lib.a)timeout.o
(miscutils/lib.a)ttysize.o
(miscutils/lib.a)ubi_tools.o
(miscutils/lib.a)ubirename.o
(miscutils/lib.a)volname.o
(miscutils/lib.a)wall.o
(miscutils/lib.a)watchdog.o
attempt to open modutils/lib.a succeeded
(modutils/lib.a)modinfo.o
(modutils/lib.a)modprobe-small.o
(modutils/lib.a)modutils.o
attempt to open networking/lib.a succeeded
(networking/lib.a)arp.o
(networking/lib.a)arping.o
(networking/lib.a)brctl.o
(networking/lib.a)dnsd.o
(networking/lib.a)ether-wake.o
(networking/lib.a)ftpd.o
(networking/lib.a)ftpgetput.o
(networking/lib.a)hostname.o
(networking/lib.a)httpd.o
(networking/lib.a)ifconfig.o
(networking/lib.a)ifenslave.o
(networking/lib.a)ifplugd.o
(networking/lib.a)ifupdown.o
(networking/lib.a)inetd.o
(networking/lib.a)interface.o
(networking/lib.a)ip.o
(networking/lib.a)ipcalc.o
(networking/lib.a)isrv_identd.o
(networking/lib.a)nameif.o
(networking/lib.a)nbd-client.o
(networking/lib.a)nc.o
(networking/lib.a)netstat.o
(networking/lib.a)nslookup.o
(networking/lib.a)ntpd.o
(networking/lib.a)ping.o
(networking/lib.a)pscan.o
(networking/lib.a)route.o
(networking/lib.a)slattach.o
(networking/lib.a)tcpudp.o
(networking/lib.a)tcpudp_perhost.o
(networking/lib.a)telnet.o
(networking/lib.a)telnetd.o
(networking/lib.a)tftp.o
(networking/lib.a)traceroute.o
(networking/lib.a)tunctl.o
(networking/lib.a)vconfig.o
(networking/lib.a)wget.o
(networking/lib.a)whois.o
(networking/lib.a)zcip.o
(networking/lib.a)isrv.o
attempt to open networking/libiproute/lib.a succeeded
(networking/libiproute/lib.a)ip_parse_common_args.o
(networking/libiproute/lib.a)ipaddress.o
(networking/libiproute/lib.a)iplink.o
(networking/libiproute/lib.a)ipneigh.o
(networking/libiproute/lib.a)iproute.o
(networking/libiproute/lib.a)iprule.o
(networking/libiproute/lib.a)iptunnel.o
(networking/libiproute/lib.a)libnetlink.o
(networking/libiproute/lib.a)ll_addr.o
(networking/libiproute/lib.a)ll_map.o
(networking/libiproute/lib.a)ll_types.o
(networking/libiproute/lib.a)rt_names.o
(networking/libiproute/lib.a)rtm_map.o
(networking/libiproute/lib.a)utils.o
attempt to open networking/udhcp/lib.a succeeded
(networking/udhcp/lib.a)dhcpc.o
(networking/udhcp/lib.a)dhcpd.o
(networking/udhcp/lib.a)dhcprelay.o
(networking/udhcp/lib.a)domain_codec.o
(networking/udhcp/lib.a)dumpleases.o
(networking/udhcp/lib.a)packet.o
(networking/udhcp/lib.a)signalpipe.o
(networking/udhcp/lib.a)socket.o
(networking/udhcp/lib.a)arpping.o
(networking/udhcp/lib.a)common.o
attempt to open printutils/lib.a succeeded
(printutils/lib.a)lpd.o
(printutils/lib.a)lpr.o
attempt to open procps/lib.a succeeded
(procps/lib.a)free.o
(procps/lib.a)fuser.o
(procps/lib.a)iostat.o
(procps/lib.a)kill.o
(procps/lib.a)lsof.o
(procps/lib.a)mpstat.o
(procps/lib.a)nmeter.o
(procps/lib.a)pgrep.o
(procps/lib.a)pidof.o
(procps/lib.a)pmap.o
(procps/lib.a)powertop.o
(procps/lib.a)ps.o
(procps/lib.a)pstree.o
(procps/lib.a)pwdx.o
(procps/lib.a)renice.o
(procps/lib.a)smemcap.o
(procps/lib.a)sysctl.o
(procps/lib.a)top.o
(procps/lib.a)uptime.o
(procps/lib.a)watch.o
attempt to open runit/lib.a succeeded
(runit/lib.a)chpst.o
(runit/lib.a)runsv.o
(runit/lib.a)runsvdir.o
(runit/lib.a)sv.o
(runit/lib.a)svlogd.o
attempt to open selinux/lib.a succeeded
attempt to open shell/lib.a succeeded
(shell/lib.a)ash.o
(shell/lib.a)ash_ptr_hack.o
(shell/lib.a)cttyhack.o
(shell/lib.a)hush.o
(shell/lib.a)match.o
(shell/lib.a)math.o
(shell/lib.a)random.o
(shell/lib.a)shell_common.o
attempt to open sysklogd/lib.a succeeded
(sysklogd/lib.a)klogd.o
(sysklogd/lib.a)logread.o
(sysklogd/lib.a)syslogd_and_logger.o
attempt to open util-linux/lib.a succeeded
(util-linux/lib.a)acpid.o
(util-linux/lib.a)blkdiscard.o
(util-linux/lib.a)blkid.o
(util-linux/lib.a)blockdev.o
(util-linux/lib.a)dmesg.o
(util-linux/lib.a)fatattr.o
(util-linux/lib.a)fbset.o
(util-linux/lib.a)fdformat.o
(util-linux/lib.a)fdisk.o
(util-linux/lib.a)findfs.o
(util-linux/lib.a)flock.o
(util-linux/lib.a)freeramdisk.o
(util-linux/lib.a)fsck_minix.o
(util-linux/lib.a)fstrim.o
(util-linux/lib.a)getopt.o
(util-linux/lib.a)hexdump.o
(util-linux/lib.a)hwclock.o
(util-linux/lib.a)ipcrm.o
(util-linux/lib.a)ipcs.o
(util-linux/lib.a)losetup.o
(util-linux/lib.a)lspci.o
(util-linux/lib.a)lsusb.o
(util-linux/lib.a)mdev.o
(util-linux/lib.a)mkfs_ext2.o
(util-linux/lib.a)mkfs_minix.o
(util-linux/lib.a)mkfs_vfat.o
(util-linux/lib.a)mkswap.o
(util-linux/lib.a)more.o
(util-linux/lib.a)mount.o
(util-linux/lib.a)nsenter.o
(util-linux/lib.a)pivot_root.o
(util-linux/lib.a)rdate.o
(util-linux/lib.a)rdev.o
(util-linux/lib.a)readprofile.o
(util-linux/lib.a)rev.o
(util-linux/lib.a)rtcwake.o
(util-linux/lib.a)script.o
(util-linux/lib.a)scriptreplay.o
(util-linux/lib.a)setarch.o
(util-linux/lib.a)swaponoff.o
(util-linux/lib.a)switch_root.o
(util-linux/lib.a)uevent.o
(util-linux/lib.a)umount.o
(util-linux/lib.a)unshare.o
attempt to open util-linux/volume_id/lib.a succeeded
(util-linux/volume_id/lib.a)get_devname.o
(util-linux/volume_id/lib.a)volume_id.o
(util-linux/volume_id/lib.a)xfs.o
(util-linux/volume_id/lib.a)bcache.o
(util-linux/volume_id/lib.a)btrfs.o
(util-linux/volume_id/lib.a)cramfs.o
(util-linux/volume_id/lib.a)exfat.o
(util-linux/volume_id/lib.a)ext.o
(util-linux/volume_id/lib.a)f2fs.o
(util-linux/volume_id/lib.a)fat.o
(util-linux/volume_id/lib.a)hfs.o
(util-linux/volume_id/lib.a)iso9660.o
(util-linux/volume_id/lib.a)jfs.o
(util-linux/volume_id/lib.a)linux_raid.o
(util-linux/volume_id/lib.a)linux_swap.o
(util-linux/volume_id/lib.a)luks.o
(util-linux/volume_id/lib.a)nilfs.o
(util-linux/volume_id/lib.a)ntfs.o
(util-linux/volume_id/lib.a)ocfs2.o
(util-linux/volume_id/lib.a)reiserfs.o
(util-linux/volume_id/lib.a)romfs.o
(util-linux/volume_id/lib.a)sysv.o
(util-linux/volume_id/lib.a)ubifs.o
(util-linux/volume_id/lib.a)udf.o
(util-linux/volume_id/lib.a)util.o
attempt to open archival/built-in.o succeeded
attempt to open archival/libarchive/built-in.o succeeded
attempt to open console-tools/built-in.o succeeded
attempt to open coreutils/built-in.o succeeded
attempt to open coreutils/libcoreutils/built-in.o succeeded
attempt to open debianutils/built-in.o succeeded
attempt to open e2fsprogs/built-in.o succeeded
attempt to open editors/built-in.o succeeded
attempt to open findutils/built-in.o succeeded
attempt to open init/built-in.o succeeded
attempt to open libbb/built-in.o succeeded
attempt to open libpwdgrp/built-in.o succeeded
attempt to open loginutils/built-in.o succeeded
attempt to open mailutils/built-in.o succeeded
attempt to open miscutils/built-in.o succeeded
attempt to open modutils/built-in.o succeeded
attempt to open networking/built-in.o succeeded
attempt to open networking/libiproute/built-in.o succeeded
attempt to open networking/udhcp/built-in.o succeeded
attempt to open printutils/built-in.o succeeded
attempt to open procps/built-in.o succeeded
attempt to open runit/built-in.o succeeded
attempt to open selinux/built-in.o succeeded
attempt to open shell/built-in.o succeeded
attempt to open sysklogd/built-in.o succeeded
attempt to open util-linux/built-in.o succeeded
attempt to open util-linux/volume_id/built-in.o succeeded
(archival/lib.a)bbunzip.o
(archival/lib.a)bzip2.o
(archival/lib.a)cpio.o
(archival/lib.a)dpkg.o
(archival/lib.a)dpkg_deb.o
(archival/lib.a)gzip.o
(archival/lib.a)lzop.o
(archival/lib.a)rpm.o
(archival/lib.a)rpm2cpio.o
(archival/lib.a)tar.o
(archival/lib.a)unzip.o
(archival/libarchive/lib.a)common.o
(archival/libarchive/lib.a)data_extract_all.o
(archival/libarchive/lib.a)data_extract_to_command.o
(archival/libarchive/lib.a)data_extract_to_stdout.o
(archival/libarchive/lib.a)data_skip.o
(archival/libarchive/lib.a)decompress_bunzip2.o
(archival/libarchive/lib.a)decompress_gunzip.o
(archival/libarchive/lib.a)decompress_unlzma.o
(archival/libarchive/lib.a)decompress_unxz.o
(archival/libarchive/lib.a)filter_accept_list.o
(archival/libarchive/lib.a)filter_accept_list_reassign.o
(archival/libarchive/lib.a)filter_accept_reject_list.o
(archival/libarchive/lib.a)find_list_entry.o
(archival/libarchive/lib.a)get_header_cpio.o
(archival/libarchive/lib.a)get_header_tar.o
(archival/libarchive/lib.a)get_header_tar_bz2.o
(archival/libarchive/lib.a)get_header_tar_gz.o
(archival/libarchive/lib.a)get_header_tar_lzma.o
(archival/libarchive/lib.a)get_header_tar_xz.o
(archival/libarchive/lib.a)header_list.o
(archival/libarchive/lib.a)header_verbose_list.o
(archival/libarchive/lib.a)init_handle.o
(archival/libarchive/lib.a)lzo1x_1.o
(archival/libarchive/lib.a)lzo1x_1o.o
(archival/libarchive/lib.a)lzo1x_d.o
(archival/libarchive/lib.a)open_transformer.o
(archival/libarchive/lib.a)seek_by_jump.o
(archival/libarchive/lib.a)seek_by_read.o
(archival/libarchive/lib.a)unpack_ar_archive.o
(archival/libarchive/lib.a)unsafe_prefix.o
(archival/libarchive/lib.a)data_align.o
(archival/libarchive/lib.a)filter_accept_all.o
(archival/libarchive/lib.a)get_header_ar.o
(archival/libarchive/lib.a)header_skip.o
(console-tools/lib.a)clear.o
(console-tools/lib.a)reset.o
(console-tools/lib.a)showkey.o
(coreutils/lib.a)cat.o
(coreutils/lib.a)chmod.o
(coreutils/lib.a)chown.o
(coreutils/lib.a)chroot.o
(coreutils/lib.a)cp.o
(coreutils/lib.a)echo.o
(coreutils/lib.a)env.o
(coreutils/lib.a)head.o
(coreutils/lib.a)hostid.o
(coreutils/lib.a)id.o
(coreutils/lib.a)install.o
(coreutils/lib.a)ln.o
(coreutils/lib.a)ls.o
(coreutils/lib.a)mkdir.o
(coreutils/lib.a)mv.o
(coreutils/lib.a)printf.o
(coreutils/lib.a)pwd.o
(coreutils/lib.a)realpath.o
(coreutils/lib.a)rm.o
(coreutils/lib.a)rmdir.o
(coreutils/lib.a)sleep.o
(coreutils/lib.a)split.o
(coreutils/lib.a)stat.o
(coreutils/lib.a)stty.o
(coreutils/lib.a)sync.o
(coreutils/lib.a)tac.o
(coreutils/lib.a)tail.o
(coreutils/lib.a)tee.o
(coreutils/lib.a)test.o
(coreutils/lib.a)test_ptr_hack.o
(coreutils/lib.a)touch.o
(coreutils/lib.a)tr.o
(coreutils/lib.a)true.o
(coreutils/lib.a)uname.o
(coreutils/lib.a)uniq.o
(coreutils/lib.a)unlink.o
(coreutils/lib.a)usleep.o
(coreutils/lib.a)wc.o
(coreutils/lib.a)who.o
(coreutils/lib.a)whoami.o
(coreutils/lib.a)yes.o
(coreutils/libcoreutils/lib.a)cp_mv_stat.o
(debianutils/lib.a)mktemp.o
(debianutils/lib.a)which.o
(e2fsprogs/lib.a)chattr.o
(e2fsprogs/lib.a)e2fs_lib.o
(e2fsprogs/lib.a)fsck.o
(e2fsprogs/lib.a)lsattr.o
(editors/lib.a)ed.o
(editors/lib.a)patch.o
(findutils/lib.a)find.o
(findutils/lib.a)grep.o
(libbb/lib.a)ask_confirmation.o
(libbb/lib.a)auto_string.o
(libbb/lib.a)bb_bswap_64.o
(libbb/lib.a)bb_pwd.o
(libbb/lib.a)change_identity.o
(libbb/lib.a)chomp.o
(libbb/lib.a)common_bufsiz.o
(libbb/lib.a)concat_subpath_file.o
(libbb/lib.a)copy_file.o
(libbb/lib.a)correct_password.o
(libbb/lib.a)crc32.o
(libbb/lib.a)device_open.o
(libbb/lib.a)dump.o
(libbb/lib.a)endofname.o
(libbb/lib.a)executable.o
(libbb/lib.a)fclose_nonstdin.o
(libbb/lib.a)fflush_stdout_and_exit.o
(libbb/lib.a)fgets_str.o
(libbb/lib.a)find_mount_point.o
(libbb/lib.a)find_pid_by_name.o
(libbb/lib.a)find_root_device.o
(libbb/lib.a)get_console.o
(libbb/lib.a)get_cpu_count.o
(libbb/lib.a)get_line_from_file.o
(libbb/lib.a)get_shell_name.o
(libbb/lib.a)get_volsize.o
(libbb/lib.a)getopt32.o
(libbb/lib.a)getpty.o
(libbb/lib.a)hash_md5_sha.o
(libbb/lib.a)herror_msg.o
(libbb/lib.a)human_readable.o
(libbb/lib.a)in_ether.o
(libbb/lib.a)inet_cksum.o
(libbb/lib.a)inet_common.o
(libbb/lib.a)inode_hash.o
(libbb/lib.a)isdirectory.o
(libbb/lib.a)kernel_version.o
(libbb/lib.a)lineedit.o
(libbb/lib.a)lineedit_ptr_hack.o
(libbb/lib.a)logenv.o
(libbb/lib.a)login.o
(libbb/lib.a)loop.o
(libbb/lib.a)make_directory.o
(libbb/lib.a)makedev.o
(libbb/lib.a)match_fstype.o
(libbb/lib.a)mode_string.o
(libbb/lib.a)nuke_str.o
(libbb/lib.a)parse_config.o
(libbb/lib.a)parse_mode.o
(libbb/lib.a)percent_decode.o
(libbb/lib.a)perror_nomsg_and_die.o
(libbb/lib.a)pidfile.o
(libbb/lib.a)print_flags.o
(libbb/lib.a)printable.o
(libbb/lib.a)printable_string.o
(libbb/lib.a)process_escape_sequence.o
(libbb/lib.a)procps.o
(libbb/lib.a)progress.o
(libbb/lib.a)pw_encrypt.o
(libbb/lib.a)read_key.o
(libbb/lib.a)read_printf.o
(libbb/lib.a)recursive_action.o
(libbb/lib.a)remove_file.o
(libbb/lib.a)replace.o
(libbb/lib.a)rtc.o
(libbb/lib.a)run_shell.o
(libbb/lib.a)safe_gethostname.o
(libbb/lib.a)safe_poll.o
(libbb/lib.a)safe_strncpy.o
(libbb/lib.a)setup_environment.o
(libbb/lib.a)simplify_path.o
(libbb/lib.a)single_argv.o
(libbb/lib.a)speed_table.o
(libbb/lib.a)str_tolower.o
(libbb/lib.a)strrstr.o
(libbb/lib.a)sysconf.o
(libbb/lib.a)trim.o
(libbb/lib.a)u_signal_names.o
(libbb/lib.a)ubi.o
(libbb/lib.a)udp_io.o
(libbb/lib.a)unicode.o
(libbb/lib.a)utmp.o
(libbb/lib.a)uuencode.o
(libbb/lib.a)vfork_daemon_rexec.o
(libbb/lib.a)warn_ignoring_args.o
(libbb/lib.a)wfopen_input.o
(libbb/lib.a)write.o
(libbb/lib.a)xatonum.o
(libbb/lib.a)xconnect.o
(libbb/lib.a)xgetcwd.o
(libbb/lib.a)xgethostbyname.o
(libbb/lib.a)xrealloc_vector.o
(libbb/lib.a)xregcomp.o
(libbb/lib.a)bb_askpass.o
(libbb/lib.a)bb_qsort.o
attempt to open /usr/lib/gcc/x86_64-linux-gnu/4.8/32/libcrypt.a failed
attempt to open /usr/lib/gcc/x86_64-linux-gnu/4.8/../../../../lib32/libcrypt.a succeeded
(/usr/lib/gcc/x86_64-linux-gnu/4.8/../../../../lib32/libcrypt.a)crypt-entry.o
(/usr/lib/gcc/x86_64-linux-gnu/4.8/../../../../lib32/libcrypt.a)md5-crypt.o
(/usr/lib/gcc/x86_64-linux-gnu/4.8/../../../../lib32/libcrypt.a)sha256-crypt.o
(/usr/lib/gcc/x86_64-linux-gnu/4.8/../../../../lib32/libcrypt.a)sha512-crypt.o
(/usr/lib/gcc/x86_64-linux-gnu/4.8/../../../../lib32/libcrypt.a)crypt_util.o
(/usr/lib/gcc/x86_64-linux-gnu/4.8/../../../../lib32/libcrypt.a)crypt.o
(/usr/lib/gcc/x86_64-linux-gnu/4.8/../../../../lib32/libcrypt.a)md5.o
(/usr/lib/gcc/x86_64-linux-gnu/4.8/../../../../lib32/libcrypt.a)sha256.o
(/usr/lib/gcc/x86_64-linux-gnu/4.8/../../../../lib32/libcrypt.a)sha512.o
attempt to open /usr/lib/gcc/x86_64-linux-gnu/4.8/32/libm.a failed
attempt to open /usr/lib/gcc/x86_64-linux-gnu/4.8/../../../../lib32/libm.a succeeded
(/usr/lib/gcc/x86_64-linux-gnu/4.8/../../../../lib32/libm.a)w_pow.o
(/usr/lib/gcc/x86_64-linux-gnu/4.8/../../../../lib32/libm.a)m_isnan.o
(/usr/lib/gcc/x86_64-linux-gnu/4.8/../../../../lib32/libm.a)m_finite.o
(/usr/lib/gcc/x86_64-linux-gnu/4.8/../../../../lib32/libm.a)k_standard.o
(/usr/lib/gcc/x86_64-linux-gnu/4.8/../../../../lib32/libm.a)s_lib_version.o
(/usr/lib/gcc/x86_64-linux-gnu/4.8/../../../../lib32/libm.a)s_matherr.o
(/usr/lib/gcc/x86_64-linux-gnu/4.8/../../../../lib32/libm.a)e_pow.o
(/usr/lib/gcc/x86_64-linux-gnu/4.8/../../../../lib32/libm.a)s_rint.o
(/usr/lib/gcc/x86_64-linux-gnu/4.8/../../../../lib32/libm.a)s_rintl.o
(/usr/lib/gcc/x86_64-linux-gnu/4.8/../../../../lib32/libm.a)m_finitel.o
attempt to open /usr/lib/gcc/x86_64-linux-gnu/4.8/32/libgcc.a succeeded
(/usr/lib/gcc/x86_64-linux-gnu/4.8/32/libgcc.a)_divdi3.o
(/usr/lib/gcc/x86_64-linux-gnu/4.8/32/libgcc.a)_moddi3.o
(/usr/lib/gcc/x86_64-linux-gnu/4.8/32/libgcc.a)_udivdi3.o
(/usr/lib/gcc/x86_64-linux-gnu/4.8/32/libgcc.a)_umoddi3.o
attempt to open /usr/lib/gcc/x86_64-linux-gnu/4.8/32/libgcc_eh.a succeeded
attempt to open /usr/lib/gcc/x86_64-linux-gnu/4.8/32/libc.a failed
attempt to open /usr/lib/gcc/x86_64-linux-gnu/4.8/../../../../lib32/libc.a succeeded
(/usr/lib/gcc/x86_64-linux-gnu/4.8/../../../../lib32/libc.a)libc-start.o
(/usr/lib/gcc/x86_64-linux-gnu/4.8/../../../../lib32/libc.a)check_fds.o
(/usr/lib/gcc/x86_64-linux-gnu/4.8/../../../../lib32/libc.a)libc-tls.o
(/usr/lib/gcc/x86_64-linux-gnu/4.8/../../../../lib32/libc.a)elf-init.o
(/usr/lib/gcc/x86_64-linux-gnu/4.8/../../../../lib32/libc.a)errno.o
(/usr/lib/gcc/x86_64-linux-gnu/4.8/../../../../lib32/libc.a)errno-loc.o
(/usr/lib/gcc/x86_64-linux-gnu/4.8/../../../../lib32/libc.a)assert.o
(/usr/lib/gcc/x86_64-linux-gnu/4.8/../../../../lib32/libc.a)dcgettext.o
(/usr/lib/gcc/x86_64-linux-gnu/4.8/../../../../lib32/libc.a)dcigettext.o
(/usr/lib/gcc/x86_64-linux-gnu/4.8/../../../../lib32/libc.a)finddomain.o
(/usr/lib/gcc/x86_64-linux-gnu/4.8/../../../../lib32/libc.a)loadmsgcat.o
(/usr/lib/gcc/x86_64-linux-gnu/4.8/../../../../lib32/libc.a)localealias.o
(/usr/lib/gcc/x86_64-linux-gnu/4.8/../../../../lib32/libc.a)l10nflist.o
(/usr/lib/gcc/x86_64-linux-gnu/4.8/../../../../lib32/libc.a)explodename.o
(/usr/lib/gcc/x86_64-linux-gnu/4.8/../../../../lib32/libc.a)plural.o
(/usr/lib/gcc/x86_64-linux-gnu/4.8/../../../../lib32/libc.a)plural-exp.o
(/usr/lib/gcc/x86_64-linux-gnu/4.8/../../../../lib32/libc.a)hash-string.o
(/usr/lib/gcc/x86_64-linux-gnu/4.8/../../../../lib32/libc.a)bsd-_setjmp.o
(/usr/lib/gcc/x86_64-linux-gnu/4.8/../../../../lib32/libc.a)signal.o
(/usr/lib/gcc/x86_64-linux-gnu/4.8/../../../../lib32/libc.a)raise.o
(/usr/lib/gcc/x86_64-linux-gnu/4.8/../../../../lib32/libc.a)killpg.o
(/usr/lib/gcc/x86_64-linux-gnu/4.8/../../../../lib32/libc.a)sigaction.o
(/usr/lib/gcc/x86_64-linux-gnu/4.8/../../../../lib32/libc.a)sigprocmask.o
(/usr/lib/gcc/x86_64-linux-gnu/4.8/../../../../lib32/libc.a)kill.o
(/usr/lib/gcc/x86_64-linux-gnu/4.8/../../../../lib32/libc.a)sigsuspend.o
(/usr/lib/gcc/x86_64-linux-gnu/4.8/../../../../lib32/libc.a)sigempty.o
(/usr/lib/gcc/x86_64-linux-gnu/4.8/../../../../lib32/libc.a)sigfillset.o
(/usr/lib/gcc/x86_64-linux-gnu/4.8/../../../../lib32/libc.a)sigaddset.o
(/usr/lib/gcc/x86_64-linux-gnu/4.8/../../../../lib32/libc.a)sigdelset.o
(/usr/lib/gcc/x86_64-linux-gnu/4.8/../../../../lib32/libc.a)sigismem.o
(/usr/lib/gcc/x86_64-linux-gnu/4.8/../../../../lib32/libc.a)sigisempty.o
(/usr/lib/gcc/x86_64-linux-gnu/4.8/../../../../lib32/libc.a)sigtimedwait.o
(/usr/lib/gcc/x86_64-linux-gnu/4.8/../../../../lib32/libc.a)atof.o
(/usr/lib/gcc/x86_64-linux-gnu/4.8/../../../../lib32/libc.a)atoi.o
(/usr/lib/gcc/x86_64-linux-gnu/4.8/../../../../lib32/libc.a)atoll.o
(/usr/lib/gcc/x86_64-linux-gnu/4.8/../../../../lib32/libc.a)abort.o
(/usr/lib/gcc/x86_64-linux-gnu/4.8/../../../../lib32/libc.a)bsearch.o
(/usr/lib/gcc/x86_64-linux-gnu/4.8/../../../../lib32/libc.a)msort.o
(/usr/lib/gcc/x86_64-linux-gnu/4.8/../../../../lib32/libc.a)getenv.o
(/usr/lib/gcc/x86_64-linux-gnu/4.8/../../../../lib32/libc.a)putenv.o
(/usr/lib/gcc/x86_64-linux-gnu/4.8/../../../../lib32/libc.a)setenv.o
(/usr/lib/gcc/x86_64-linux-gnu/4.8/../../../../lib32/libc.a)exit.o
(/usr/lib/gcc/x86_64-linux-gnu/4.8/../../../../lib32/libc.a)atexit.o
(/usr/lib/gcc/x86_64-linux-gnu/4.8/../../../../lib32/libc.a)cxa_atexit.o
(/usr/lib/gcc/x86_64-linux-gnu/4.8/../../../../lib32/libc.a)div.o
(/usr/lib/gcc/x86_64-linux-gnu/4.8/../../../../lib32/libc.a)random.o
(/usr/lib/gcc/x86_64-linux-gnu/4.8/../../../../lib32/libc.a)random_r.o
(/usr/lib/gcc/x86_64-linux-gnu/4.8/../../../../lib32/libc.a)rand.o
(/usr/lib/gcc/x86_64-linux-gnu/4.8/../../../../lib32/libc.a)strtol.o
(/usr/lib/gcc/x86_64-linux-gnu/4.8/../../../../lib32/libc.a)strtoul.o
(/usr/lib/gcc/x86_64-linux-gnu/4.8/../../../../lib32/libc.a)strtoll.o
(/usr/lib/gcc/x86_64-linux-gnu/4.8/../../../../lib32/libc.a)strtoull.o
(/usr/lib/gcc/x86_64-linux-gnu/4.8/../../../../lib32/libc.a)strtol_l.o
(/usr/lib/gcc/x86_64-linux-gnu/4.8/../../../../lib32/libc.a)strtoul_l.o
(/usr/lib/gcc/x86_64-linux-gnu/4.8/../../../../lib32/libc.a)strtoll_l.o
(/usr/lib/gcc/x86_64-linux-gnu/4.8/../../../../lib32/libc.a)strtoull_l.o
(/usr/lib/gcc/x86_64-linux-gnu/4.8/../../../../lib32/libc.a)strtod.o
(/usr/lib/gcc/x86_64-linux-gnu/4.8/../../../../lib32/libc.a)strtod_l.o
(/usr/lib/gcc/x86_64-linux-gnu/4.8/../../../../lib32/libc.a)strtod_nan.o
(/usr/lib/gcc/x86_64-linux-gnu/4.8/../../../../lib32/libc.a)system.o
(/usr/lib/gcc/x86_64-linux-gnu/4.8/../../../../lib32/libc.a)canonicalize.o
(/usr/lib/gcc/x86_64-linux-gnu/4.8/../../../../lib32/libc.a)grouping.o
(/usr/lib/gcc/x86_64-linux-gnu/4.8/../../../../lib32/libc.a)tens_in_limb.o
(/usr/lib/gcc/x86_64-linux-gnu/4.8/../../../../lib32/libc.a)fpioconst.o
(/usr/lib/gcc/x86_64-linux-gnu/4.8/../../../../lib32/libc.a)snprintf.o
(/usr/lib/gcc/x86_64-linux-gnu/4.8/../../../../lib32/libc.a)asprintf.o
(/usr/lib/gcc/x86_64-linux-gnu/4.8/../../../../lib32/libc.a)fscanf.o
(/usr/lib/gcc/x86_64-linux-gnu/4.8/../../../../lib32/libc.a)sscanf.o
(/usr/lib/gcc/x86_64-linux-gnu/4.8/../../../../lib32/libc.a)getline.o
(/usr/lib/gcc/x86_64-linux-gnu/4.8/../../../../lib32/libc.a)rename.o
(/usr/lib/gcc/x86_64-linux-gnu/4.8/../../../../lib32/libc.a)fxprintf.o
(/usr/lib/gcc/x86_64-linux-gnu/4.8/../../../../lib32/libc.a)iofclose.o
(/usr/lib/gcc/x86_64-linux-gnu/4.8/../../../../lib32/libc.a)iofdopen.o
(/usr/lib/gcc/x86_64-linux-gnu/4.8/../../../../lib32/libc.a)iofflush.o
(/usr/lib/gcc/x86_64-linux-gnu/4.8/../../../../lib32/libc.a)iofopen.o
(/usr/lib/gcc/x86_64-linux-gnu/4.8/../../../../lib32/libc.a)iofputs.o
(/usr/lib/gcc/x86_64-linux-gnu/4.8/../../../../lib32/libc.a)iofread.o
(/usr/lib/gcc/x86_64-linux-gnu/4.8/../../../../lib32/libc.a)iofwrite.o
(/usr/lib/gcc/x86_64-linux-gnu/4.8/../../../../lib32/libc.a)iogetdelim.o
(/usr/lib/gcc/x86_64-linux-gnu/4.8/../../../../lib32/libc.a)ioputs.o
(/usr/lib/gcc/x86_64-linux-gnu/4.8/../../../../lib32/libc.a)iosetvbuf.o
(/usr/lib/gcc/x86_64-linux-gnu/4.8/../../../../lib32/libc.a)iovsscanf.o
(/usr/lib/gcc/x86_64-linux-gnu/4.8/../../../../lib32/libc.a)iofopen64.o
(/usr/lib/gcc/x86_64-linux-gnu/4.8/../../../../lib32/libc.a)putchar_u.o
(/usr/lib/gcc/x86_64-linux-gnu/4.8/../../../../lib32/libc.a)clearerr.o
(/usr/lib/gcc/x86_64-linux-gnu/4.8/../../../../lib32/libc.a)ferror.o
(/usr/lib/gcc/x86_64-linux-gnu/4.8/../../../../lib32/libc.a)fileno.o
(/usr/lib/gcc/x86_64-linux-gnu/4.8/../../../../lib32/libc.a)setbuf.o
(/usr/lib/gcc/x86_64-linux-gnu/4.8/../../../../lib32/libc.a)setlinebuf.o
(/usr/lib/gcc/x86_64-linux-gnu/4.8/../../../../lib32/libc.a)vasprintf.o
(/usr/lib/gcc/x86_64-linux-gnu/4.8/../../../../lib32/libc.a)vsnprintf.o
(/usr/lib/gcc/x86_64-linux-gnu/4.8/../../../../lib32/libc.a)fcloseall.o
(/usr/lib/gcc/x86_64-linux-gnu/4.8/../../../../lib32/libc.a)freopen64.o
(/usr/lib/gcc/x86_64-linux-gnu/4.8/../../../../lib32/libc.a)fseeko64.o
(/usr/lib/gcc/x86_64-linux-gnu/4.8/../../../../lib32/libc.a)ftello64.o
(/usr/lib/gcc/x86_64-linux-gnu/4.8/../../../../lib32/libc.a)libc_fatal.o
(/usr/lib/gcc/x86_64-linux-gnu/4.8/../../../../lib32/libc.a)feof_u.o
(/usr/lib/gcc/x86_64-linux-gnu/4.8/../../../../lib32/libc.a)ferror_u.o
(/usr/lib/gcc/x86_64-linux-gnu/4.8/../../../../lib32/libc.a)fputc_u.o
(/usr/lib/gcc/x86_64-linux-gnu/4.8/../../../../lib32/libc.a)getc_u.o
(/usr/lib/gcc/x86_64-linux-gnu/4.8/../../../../lib32/libc.a)getchar_u.o
(/usr/lib/gcc/x86_64-linux-gnu/4.8/../../../../lib32/libc.a)putc_u.o
(/usr/lib/gcc/x86_64-linux-gnu/4.8/../../../../lib32/libc.a)iofgets_u.o
(/usr/lib/gcc/x86_64-linux-gnu/4.8/../../../../lib32/libc.a)iofputs_u.o
(/usr/lib/gcc/x86_64-linux-gnu/4.8/../../../../lib32/libc.a)wfileops.o
(/usr/lib/gcc/x86_64-linux-gnu/4.8/../../../../lib32/libc.a)fileops.o
(/usr/lib/gcc/x86_64-linux-gnu/4.8/../../../../lib32/libc.a)genops.o
(/usr/lib/gcc/x86_64-linux-gnu/4.8/../../../../lib32/libc.a)stdfiles.o
(/usr/lib/gcc/x86_64-linux-gnu/4.8/../../../../lib32/libc.a)stdio.o
(/usr/lib/gcc/x86_64-linux-gnu/4.8/../../../../lib32/libc.a)strops.o
(/usr/lib/gcc/x86_64-linux-gnu/4.8/../../../../lib32/libc.a)malloc.o
(/usr/lib/gcc/x86_64-linux-gnu/4.8/../../../../lib32/libc.a)morecore.o
(/usr/lib/gcc/x86_64-linux-gnu/4.8/../../../../lib32/libc.a)strcat.o
(/usr/lib/gcc/x86_64-linux-gnu/4.8/../../../../lib32/libc.a)strchr.o
(/usr/lib/gcc/x86_64-linux-gnu/4.8/../../../../lib32/libc.a)strcmp.o
(/usr/lib/gcc/x86_64-linux-gnu/4.8/../../../../lib32/libc.a)strcpy.o
(/usr/lib/gcc/x86_64-linux-gnu/4.8/../../../../lib32/libc.a)strcspn.o
(/usr/lib/gcc/x86_64-linux-gnu/4.8/../../../../lib32/libc.a)strverscmp.o
(/usr/lib/gcc/x86_64-linux-gnu/4.8/../../../../lib32/libc.a)strdup.o
(/usr/lib/gcc/x86_64-linux-gnu/4.8/../../../../lib32/libc.a)strndup.o
(/usr/lib/gcc/x86_64-linux-gnu/4.8/../../../../lib32/libc.a)strerror.o
(/usr/lib/gcc/x86_64-linux-gnu/4.8/../../../../lib32/libc.a)_strerror.o
(/usr/lib/gcc/x86_64-linux-gnu/4.8/../../../../lib32/libc.a)strlen.o
(/usr/lib/gcc/x86_64-linux-gnu/4.8/../../../../lib32/libc.a)strnlen.o
(/usr/lib/gcc/x86_64-linux-gnu/4.8/../../../../lib32/libc.a)strncpy.o
(/usr/lib/gcc/x86_64-linux-gnu/4.8/../../../../lib32/libc.a)strrchr.o
(/usr/lib/gcc/x86_64-linux-gnu/4.8/../../../../lib32/libc.a)strpbrk.o
(/usr/lib/gcc/x86_64-linux-gnu/4.8/../../../../lib32/libc.a)strsignal.o
(/usr/lib/gcc/x86_64-linux-gnu/4.8/../../../../lib32/libc.a)strspn.o
(/usr/lib/gcc/x86_64-linux-gnu/4.8/../../../../lib32/libc.a)strstr.o
(/usr/lib/gcc/x86_64-linux-gnu/4.8/../../../../lib32/libc.a)strtok.o
(/usr/lib/gcc/x86_64-linux-gnu/4.8/../../../../lib32/libc.a)strtok_r.o
(/usr/lib/gcc/x86_64-linux-gnu/4.8/../../../../lib32/libc.a)memchr.o
(/usr/lib/gcc/x86_64-linux-gnu/4.8/../../../../lib32/libc.a)memcmp.o
(/usr/lib/gcc/x86_64-linux-gnu/4.8/../../../../lib32/libc.a)memmove.o
(/usr/lib/gcc/x86_64-linux-gnu/4.8/../../../../lib32/libc.a)memset.o
(/usr/lib/gcc/x86_64-linux-gnu/4.8/../../../../lib32/libc.a)mempcpy.o
(/usr/lib/gcc/x86_64-linux-gnu/4.8/../../../../lib32/libc.a)stpcpy.o
(/usr/lib/gcc/x86_64-linux-gnu/4.8/../../../../lib32/libc.a)stpncpy.o
(/usr/lib/gcc/x86_64-linux-gnu/4.8/../../../../lib32/libc.a)strcasecmp.o
(/usr/lib/gcc/x86_64-linux-gnu/4.8/../../../../lib32/libc.a)strncase.o
(/usr/lib/gcc/x86_64-linux-gnu/4.8/../../../../lib32/libc.a)strcasecmp_l.o
(/usr/lib/gcc/x86_64-linux-gnu/4.8/../../../../lib32/libc.a)strncase_l.o
(/usr/lib/gcc/x86_64-linux-gnu/4.8/../../../../lib32/libc.a)memcpy.o
(/usr/lib/gcc/x86_64-linux-gnu/4.8/../../../../lib32/libc.a)strsep.o
(/usr/lib/gcc/x86_64-linux-gnu/4.8/../../../../lib32/libc.a)strcasestr.o
(/usr/lib/gcc/x86_64-linux-gnu/4.8/../../../../lib32/libc.a)rawmemchr.o
(/usr/lib/gcc/x86_64-linux-gnu/4.8/../../../../lib32/libc.a)strchrnul.o
(/usr/lib/gcc/x86_64-linux-gnu/4.8/../../../../lib32/libc.a)argz-count.o
(/usr/lib/gcc/x86_64-linux-gnu/4.8/../../../../lib32/libc.a)argz-stringify.o
(/usr/lib/gcc/x86_64-linux-gnu/4.8/../../../../lib32/libc.a)memrchr.o
(/usr/lib/gcc/x86_64-linux-gnu/4.8/../../../../lib32/libc.a)memset-sse2.o
(/usr/lib/gcc/x86_64-linux-gnu/4.8/../../../../lib32/libc.a)memmove-ssse3.o
(/usr/lib/gcc/x86_64-linux-gnu/4.8/../../../../lib32/libc.a)memmove-ssse3-rep.o
(/usr/lib/gcc/x86_64-linux-gnu/4.8/../../../../lib32/libc.a)memset-sse2-rep.o
(/usr/lib/gcc/x86_64-linux-gnu/4.8/../../../../lib32/libc.a)strcmp-ssse3.o
(/usr/lib/gcc/x86_64-linux-gnu/4.8/../../../../lib32/libc.a)strcmp-sse4.o
(/usr/lib/gcc/x86_64-linux-gnu/4.8/../../../../lib32/libc.a)strncmp-c.o
(/usr/lib/gcc/x86_64-linux-gnu/4.8/../../../../lib32/libc.a)memcmp-ssse3.o
(/usr/lib/gcc/x86_64-linux-gnu/4.8/../../../../lib32/libc.a)memcmp-sse4.o
(/usr/lib/gcc/x86_64-linux-gnu/4.8/../../../../lib32/libc.a)strncpy-c.o
(/usr/lib/gcc/x86_64-linux-gnu/4.8/../../../../lib32/libc.a)strcpy-ssse3.o
(/usr/lib/gcc/x86_64-linux-gnu/4.8/../../../../lib32/libc.a)strncpy-ssse3.o
(/usr/lib/gcc/x86_64-linux-gnu/4.8/../../../../lib32/libc.a)stpcpy-ssse3.o
(/usr/lib/gcc/x86_64-linux-gnu/4.8/../../../../lib32/libc.a)stpncpy-ssse3.o
(/usr/lib/gcc/x86_64-linux-gnu/4.8/../../../../lib32/libc.a)strcpy-sse2.o
(/usr/lib/gcc/x86_64-linux-gnu/4.8/../../../../lib32/libc.a)strncpy-sse2.o
(/usr/lib/gcc/x86_64-linux-gnu/4.8/../../../../lib32/libc.a)stpcpy-sse2.o
(/usr/lib/gcc/x86_64-linux-gnu/4.8/../../../../lib32/libc.a)stpncpy-sse2.o
(/usr/lib/gcc/x86_64-linux-gnu/4.8/../../../../lib32/libc.a)strcat-ssse3.o
(/usr/lib/gcc/x86_64-linux-gnu/4.8/../../../../lib32/libc.a)strcat-sse2.o
(/usr/lib/gcc/x86_64-linux-gnu/4.8/../../../../lib32/libc.a)strchr-sse2.o
(/usr/lib/gcc/x86_64-linux-gnu/4.8/../../../../lib32/libc.a)strrchr-sse2.o
(/usr/lib/gcc/x86_64-linux-gnu/4.8/../../../../lib32/libc.a)strchr-sse2-bsf.o
(/usr/lib/gcc/x86_64-linux-gnu/4.8/../../../../lib32/libc.a)strrchr-sse2-bsf.o
(/usr/lib/gcc/x86_64-linux-gnu/4.8/../../../../lib32/libc.a)memchr-sse2.o
(/usr/lib/gcc/x86_64-linux-gnu/4.8/../../../../lib32/libc.a)memchr-sse2-bsf.o
(/usr/lib/gcc/x86_64-linux-gnu/4.8/../../../../lib32/libc.a)memrchr-sse2.o
(/usr/lib/gcc/x86_64-linux-gnu/4.8/../../../../lib32/libc.a)memrchr-sse2-bsf.o
(/usr/lib/gcc/x86_64-linux-gnu/4.8/../../../../lib32/libc.a)memrchr-c.o
(/usr/lib/gcc/x86_64-linux-gnu/4.8/../../../../lib32/libc.a)rawmemchr-sse2.o
(/usr/lib/gcc/x86_64-linux-gnu/4.8/../../../../lib32/libc.a)rawmemchr-sse2-bsf.o
(/usr/lib/gcc/x86_64-linux-gnu/4.8/../../../../lib32/libc.a)strnlen-sse2.o
(/usr/lib/gcc/x86_64-linux-gnu/4.8/../../../../lib32/libc.a)strnlen-c.o
(/usr/lib/gcc/x86_64-linux-gnu/4.8/../../../../lib32/libc.a)strcasecmp_l-c.o
(/usr/lib/gcc/x86_64-linux-gnu/4.8/../../../../lib32/libc.a)strcasecmp-c.o
(/usr/lib/gcc/x86_64-linux-gnu/4.8/../../../../lib32/libc.a)strcasecmp_l-ssse3.o
(/usr/lib/gcc/x86_64-linux-gnu/4.8/../../../../lib32/libc.a)strncase_l-c.o
(/usr/lib/gcc/x86_64-linux-gnu/4.8/../../../../lib32/libc.a)strncase-c.o
(/usr/lib/gcc/x86_64-linux-gnu/4.8/../../../../lib32/libc.a)strncase_l-ssse3.o
(/usr/lib/gcc/x86_64-linux-gnu/4.8/../../../../lib32/libc.a)strcasecmp_l-sse4.o
(/usr/lib/gcc/x86_64-linux-gnu/4.8/../../../../lib32/libc.a)strncase_l-sse4.o
(/usr/lib/gcc/x86_64-linux-gnu/4.8/../../../../lib32/libc.a)strcspn-c.o
(/usr/lib/gcc/x86_64-linux-gnu/4.8/../../../../lib32/libc.a)strspn-c.o
(/usr/lib/gcc/x86_64-linux-gnu/4.8/../../../../lib32/libc.a)cacheinfo.o
(/usr/lib/gcc/x86_64-linux-gnu/4.8/../../../../lib32/libc.a)wmempcpy.o
(/usr/lib/gcc/x86_64-linux-gnu/4.8/../../../../lib32/libc.a)wcsmbsload.o
(/usr/lib/gcc/x86_64-linux-gnu/4.8/../../../../lib32/libc.a)ctime.o
(/usr/lib/gcc/x86_64-linux-gnu/4.8/../../../../lib32/libc.a)gmtime.o
(/usr/lib/gcc/x86_64-linux-gnu/4.8/../../../../lib32/libc.a)localtime.o
(/usr/lib/gcc/x86_64-linux-gnu/4.8/../../../../lib32/libc.a)mktime.o
(/usr/lib/gcc/x86_64-linux-gnu/4.8/../../../../lib32/libc.a)time.o
(/usr/lib/gcc/x86_64-linux-gnu/4.8/../../../../lib32/libc.a)gettimeofday.o
(/usr/lib/gcc/x86_64-linux-gnu/4.8/../../../../lib32/libc.a)settimeofday.o
(/usr/lib/gcc/x86_64-linux-gnu/4.8/../../../../lib32/libc.a)tzset.o
(/usr/lib/gcc/x86_64-linux-gnu/4.8/../../../../lib32/libc.a)tzfile.o
(/usr/lib/gcc/x86_64-linux-gnu/4.8/../../../../lib32/libc.a)stime.o
(/usr/lib/gcc/x86_64-linux-gnu/4.8/../../../../lib32/libc.a)strptime.o
(/usr/lib/gcc/x86_64-linux-gnu/4.8/../../../../lib32/libc.a)strptime_l.o
(/usr/lib/gcc/x86_64-linux-gnu/4.8/../../../../lib32/libc.a)strftime.o
(/usr/lib/gcc/x86_64-linux-gnu/4.8/../../../../lib32/libc.a)strftime_l.o
(/usr/lib/gcc/x86_64-linux-gnu/4.8/../../../../lib32/libc.a)alt_digit.o
(/usr/lib/gcc/x86_64-linux-gnu/4.8/../../../../lib32/libc.a)era.o
(/usr/lib/gcc/x86_64-linux-gnu/4.8/../../../../lib32/libc.a)lc-time-cleanup.o
(/usr/lib/gcc/x86_64-linux-gnu/4.8/../../../../lib32/libc.a)opendir.o
(/usr/lib/gcc/x86_64-linux-gnu/4.8/../../../../lib32/libc.a)closedir.o
(/usr/lib/gcc/x86_64-linux-gnu/4.8/../../../../lib32/libc.a)readdir64.o
(/usr/lib/gcc/x86_64-linux-gnu/4.8/../../../../lib32/libc.a)initgroups.o
(/usr/lib/gcc/x86_64-linux-gnu/4.8/../../../../lib32/libc.a)setgroups.o
(/usr/lib/gcc/x86_64-linux-gnu/4.8/../../../../lib32/libc.a)getgrgid.o
(/usr/lib/gcc/x86_64-linux-gnu/4.8/../../../../lib32/libc.a)getgrnam.o
(/usr/lib/gcc/x86_64-linux-gnu/4.8/../../../../lib32/libc.a)getgrent_r.o
(/usr/lib/gcc/x86_64-linux-gnu/4.8/../../../../lib32/libc.a)getgrgid_r.o
(/usr/lib/gcc/x86_64-linux-gnu/4.8/../../../../lib32/libc.a)getgrnam_r.o
(/usr/lib/gcc/x86_64-linux-gnu/4.8/../../../../lib32/libc.a)getpwent.o
(/usr/lib/gcc/x86_64-linux-gnu/4.8/../../../../lib32/libc.a)getpwnam.o
(/usr/lib/gcc/x86_64-linux-gnu/4.8/../../../../lib32/libc.a)getpwuid.o
(/usr/lib/gcc/x86_64-linux-gnu/4.8/../../../../lib32/libc.a)getpwent_r.o
(/usr/lib/gcc/x86_64-linux-gnu/4.8/../../../../lib32/libc.a)getpwnam_r.o
(/usr/lib/gcc/x86_64-linux-gnu/4.8/../../../../lib32/libc.a)getpwuid_r.o
(/usr/lib/gcc/x86_64-linux-gnu/4.8/../../../../lib32/libc.a)uname.o
(/usr/lib/gcc/x86_64-linux-gnu/4.8/../../../../lib32/libc.a)times.o
(/usr/lib/gcc/x86_64-linux-gnu/4.8/../../../../lib32/libc.a)wait.o
(/usr/lib/gcc/x86_64-linux-gnu/4.8/../../../../lib32/libc.a)waitpid.o
(/usr/lib/gcc/x86_64-linux-gnu/4.8/../../../../lib32/libc.a)wait3.o
(/usr/lib/gcc/x86_64-linux-gnu/4.8/../../../../lib32/libc.a)wait4.o
(/usr/lib/gcc/x86_64-linux-gnu/4.8/../../../../lib32/libc.a)alarm.o
(/usr/lib/gcc/x86_64-linux-gnu/4.8/../../../../lib32/libc.a)sleep.o
(/usr/lib/gcc/x86_64-linux-gnu/4.8/../../../../lib32/libc.a)pause.o
(/usr/lib/gcc/x86_64-linux-gnu/4.8/../../../../lib32/libc.a)nanosleep.o
(/usr/lib/gcc/x86_64-linux-gnu/4.8/../../../../lib32/libc.a)fork.o
(/usr/lib/gcc/x86_64-linux-gnu/4.8/../../../../lib32/libc.a)vfork.o
(/usr/lib/gcc/x86_64-linux-gnu/4.8/../../../../lib32/libc.a)_exit.o
(/usr/lib/gcc/x86_64-linux-gnu/4.8/../../../../lib32/libc.a)execve.o
(/usr/lib/gcc/x86_64-linux-gnu/4.8/../../../../lib32/libc.a)execv.o
(/usr/lib/gcc/x86_64-linux-gnu/4.8/../../../../lib32/libc.a)execle.o
(/usr/lib/gcc/x86_64-linux-gnu/4.8/../../../../lib32/libc.a)execl.o
(/usr/lib/gcc/x86_64-linux-gnu/4.8/../../../../lib32/libc.a)execvp.o
(/usr/lib/gcc/x86_64-linux-gnu/4.8/../../../../lib32/libc.a)execlp.o
(/usr/lib/gcc/x86_64-linux-gnu/4.8/../../../../lib32/libc.a)execvpe.o
(/usr/lib/gcc/x86_64-linux-gnu/4.8/../../../../lib32/libc.a)getpid.o
(/usr/lib/gcc/x86_64-linux-gnu/4.8/../../../../lib32/libc.a)getppid.o
(/usr/lib/gcc/x86_64-linux-gnu/4.8/../../../../lib32/libc.a)getuid.o
(/usr/lib/gcc/x86_64-linux-gnu/4.8/../../../../lib32/libc.a)geteuid.o
(/usr/lib/gcc/x86_64-linux-gnu/4.8/../../../../lib32/libc.a)getgid.o
(/usr/lib/gcc/x86_64-linux-gnu/4.8/../../../../lib32/libc.a)getegid.o
(/usr/lib/gcc/x86_64-linux-gnu/4.8/../../../../lib32/libc.a)getgroups.o
(/usr/lib/gcc/x86_64-linux-gnu/4.8/../../../../lib32/libc.a)setuid.o
(/usr/lib/gcc/x86_64-linux-gnu/4.8/../../../../lib32/libc.a)setgid.o
(/usr/lib/gcc/x86_64-linux-gnu/4.8/../../../../lib32/libc.a)setpgid.o
(/usr/lib/gcc/x86_64-linux-gnu/4.8/../../../../lib32/libc.a)getpgrp.o
(/usr/lib/gcc/x86_64-linux-gnu/4.8/../../../../lib32/libc.a)setpgrp.o
(/usr/lib/gcc/x86_64-linux-gnu/4.8/../../../../lib32/libc.a)getsid.o
(/usr/lib/gcc/x86_64-linux-gnu/4.8/../../../../lib32/libc.a)setsid.o
(/usr/lib/gcc/x86_64-linux-gnu/4.8/../../../../lib32/libc.a)setresuid.o
(/usr/lib/gcc/x86_64-linux-gnu/4.8/../../../../lib32/libc.a)setresgid.o
(/usr/lib/gcc/x86_64-linux-gnu/4.8/../../../../lib32/libc.a)sysconf.o
(/usr/lib/gcc/x86_64-linux-gnu/4.8/../../../../lib32/libc.a)glob64.o
(/usr/lib/gcc/x86_64-linux-gnu/4.8/../../../../lib32/libc.a)fnmatch.o
(/usr/lib/gcc/x86_64-linux-gnu/4.8/../../../../lib32/libc.a)confstr.o
(/usr/lib/gcc/x86_64-linux-gnu/4.8/../../../../lib32/libc.a)getopt.o
(/usr/lib/gcc/x86_64-linux-gnu/4.8/../../../../lib32/libc.a)getopt1.o
(/usr/lib/gcc/x86_64-linux-gnu/4.8/../../../../lib32/libc.a)sched_getp.o
(/usr/lib/gcc/x86_64-linux-gnu/4.8/../../../../lib32/libc.a)sched_sets.o
(/usr/lib/gcc/x86_64-linux-gnu/4.8/../../../../lib32/libc.a)sched_gets.o
(/usr/lib/gcc/x86_64-linux-gnu/4.8/../../../../lib32/libc.a)sched_yield.o
(/usr/lib/gcc/x86_64-linux-gnu/4.8/../../../../lib32/libc.a)sched_primax.o
(/usr/lib/gcc/x86_64-linux-gnu/4.8/../../../../lib32/libc.a)sched_primin.o
(/usr/lib/gcc/x86_64-linux-gnu/4.8/../../../../lib32/libc.a)pread64.o
(/usr/lib/gcc/x86_64-linux-gnu/4.8/../../../../lib32/libc.a)get_child_max.o
(/usr/lib/gcc/x86_64-linux-gnu/4.8/../../../../lib32/libc.a)getaddrinfo.o
(/usr/lib/gcc/x86_64-linux-gnu/4.8/../../../../lib32/libc.a)regex.o
(/usr/lib/gcc/x86_64-linux-gnu/4.8/../../../../lib32/libc.a)environ.o
(/usr/lib/gcc/x86_64-linux-gnu/4.8/../../../../lib32/libc.a)exit-thread.o
(/usr/lib/gcc/x86_64-linux-gnu/4.8/../../../../lib32/libc.a)mkfifo.o
(/usr/lib/gcc/x86_64-linux-gnu/4.8/../../../../lib32/libc.a)stat64.o
(/usr/lib/gcc/x86_64-linux-gnu/4.8/../../../../lib32/libc.a)fstat64.o
(/usr/lib/gcc/x86_64-linux-gnu/4.8/../../../../lib32/libc.a)lstat64.o
(/usr/lib/gcc/x86_64-linux-gnu/4.8/../../../../lib32/libc.a)xstat64.o
(/usr/lib/gcc/x86_64-linux-gnu/4.8/../../../../lib32/libc.a)fxstat64.o
(/usr/lib/gcc/x86_64-linux-gnu/4.8/../../../../lib32/libc.a)lxstat64.o
(/usr/lib/gcc/x86_64-linux-gnu/4.8/../../../../lib32/libc.a)mknod.o
(/usr/lib/gcc/x86_64-linux-gnu/4.8/../../../../lib32/libc.a)xmknod.o
(/usr/lib/gcc/x86_64-linux-gnu/4.8/../../../../lib32/libc.a)fxstatat64.o
(/usr/lib/gcc/x86_64-linux-gnu/4.8/../../../../lib32/libc.a)statfs64.o
(/usr/lib/gcc/x86_64-linux-gnu/4.8/../../../../lib32/libc.a)umask.o
(/usr/lib/gcc/x86_64-linux-gnu/4.8/../../../../lib32/libc.a)chmod.o
(/usr/lib/gcc/x86_64-linux-gnu/4.8/../../../../lib32/libc.a)fchmod.o
(/usr/lib/gcc/x86_64-linux-gnu/4.8/../../../../lib32/libc.a)mkdir.o
(/usr/lib/gcc/x86_64-linux-gnu/4.8/../../../../lib32/libc.a)open.o
(/usr/lib/gcc/x86_64-linux-gnu/4.8/../../../../lib32/libc.a)open64.o
(/usr/lib/gcc/x86_64-linux-gnu/4.8/../../../../lib32/libc.a)open64_2.o
(/usr/lib/gcc/x86_64-linux-gnu/4.8/../../../../lib32/libc.a)openat.o
(/usr/lib/gcc/x86_64-linux-gnu/4.8/../../../../lib32/libc.a)read.o
(/usr/lib/gcc/x86_64-linux-gnu/4.8/../../../../lib32/libc.a)write.o
(/usr/lib/gcc/x86_64-linux-gnu/4.8/../../../../lib32/libc.a)access.o
(/usr/lib/gcc/x86_64-linux-gnu/4.8/../../../../lib32/libc.a)fcntl.o
(/usr/lib/gcc/x86_64-linux-gnu/4.8/../../../../lib32/libc.a)flock.o
(/usr/lib/gcc/x86_64-linux-gnu/4.8/../../../../lib32/libc.a)close.o
(/usr/lib/gcc/x86_64-linux-gnu/4.8/../../../../lib32/libc.a)dup.o
(/usr/lib/gcc/x86_64-linux-gnu/4.8/../../../../lib32/libc.a)dup2.o
(/usr/lib/gcc/x86_64-linux-gnu/4.8/../../../../lib32/libc.a)dup3.o
(/usr/lib/gcc/x86_64-linux-gnu/4.8/../../../../lib32/libc.a)pipe.o
(/usr/lib/gcc/x86_64-linux-gnu/4.8/../../../../lib32/libc.a)creat64.o
(/usr/lib/gcc/x86_64-linux-gnu/4.8/../../../../lib32/libc.a)chdir.o
(/usr/lib/gcc/x86_64-linux-gnu/4.8/../../../../lib32/libc.a)fchdir.o
(/usr/lib/gcc/x86_64-linux-gnu/4.8/../../../../lib32/libc.a)getcwd.o
(/usr/lib/gcc/x86_64-linux-gnu/4.8/../../../../lib32/libc.a)chown.o
(/usr/lib/gcc/x86_64-linux-gnu/4.8/../../../../lib32/libc.a)fchown.o
(/usr/lib/gcc/x86_64-linux-gnu/4.8/../../../../lib32/libc.a)lchown.o
(/usr/lib/gcc/x86_64-linux-gnu/4.8/../../../../lib32/libc.a)ttyname_r.o
(/usr/lib/gcc/x86_64-linux-gnu/4.8/../../../../lib32/libc.a)isatty.o
(/usr/lib/gcc/x86_64-linux-gnu/4.8/../../../../lib32/libc.a)link.o
(/usr/lib/gcc/x86_64-linux-gnu/4.8/../../../../lib32/libc.a)symlink.o
(/usr/lib/gcc/x86_64-linux-gnu/4.8/../../../../lib32/libc.a)readlink.o
(/usr/lib/gcc/x86_64-linux-gnu/4.8/../../../../lib32/libc.a)unlink.o
(/usr/lib/gcc/x86_64-linux-gnu/4.8/../../../../lib32/libc.a)rmdir.o
(/usr/lib/gcc/x86_64-linux-gnu/4.8/../../../../lib32/libc.a)poll.o
(/usr/lib/gcc/x86_64-linux-gnu/4.8/../../../../lib32/libc.a)sendfile64.o
(/usr/lib/gcc/x86_64-linux-gnu/4.8/../../../../lib32/libc.a)speed.o
(/usr/lib/gcc/x86_64-linux-gnu/4.8/../../../../lib32/libc.a)cfsetspeed.o
(/usr/lib/gcc/x86_64-linux-gnu/4.8/../../../../lib32/libc.a)tcsetattr.o
(/usr/lib/gcc/x86_64-linux-gnu/4.8/../../../../lib32/libc.a)tcgetattr.o
(/usr/lib/gcc/x86_64-linux-gnu/4.8/../../../../lib32/libc.a)tcgetpgrp.o
(/usr/lib/gcc/x86_64-linux-gnu/4.8/../../../../lib32/libc.a)tcsetpgrp.o
(/usr/lib/gcc/x86_64-linux-gnu/4.8/../../../../lib32/libc.a)tcflush.o
(/usr/lib/gcc/x86_64-linux-gnu/4.8/../../../../lib32/libc.a)tcsendbrk.o
(/usr/lib/gcc/x86_64-linux-gnu/4.8/../../../../lib32/libc.a)cfmakeraw.o
(/usr/lib/gcc/x86_64-linux-gnu/4.8/../../../../lib32/libc.a)getrlimit.o
(/usr/lib/gcc/x86_64-linux-gnu/4.8/../../../../lib32/libc.a)getrlimit64.o
(/usr/lib/gcc/x86_64-linux-gnu/4.8/../../../../lib32/libc.a)setrlimit64.o
(/usr/lib/gcc/x86_64-linux-gnu/4.8/../../../../lib32/libc.a)getpriority.o
(/usr/lib/gcc/x86_64-linux-gnu/4.8/../../../../lib32/libc.a)setpriority.o
(/usr/lib/gcc/x86_64-linux-gnu/4.8/../../../../lib32/libc.a)nice.o
(/usr/lib/gcc/x86_64-linux-gnu/4.8/../../../../lib32/libc.a)sbrk.o
(/usr/lib/gcc/x86_64-linux-gnu/4.8/../../../../lib32/libc.a)ioctl.o
(/usr/lib/gcc/x86_64-linux-gnu/4.8/../../../../lib32/libc.a)seteuid.o
(/usr/lib/gcc/x86_64-linux-gnu/4.8/../../../../lib32/libc.a)setegid.o
(/usr/lib/gcc/x86_64-linux-gnu/4.8/../../../../lib32/libc.a)getpagesize.o
(/usr/lib/gcc/x86_64-linux-gnu/4.8/../../../../lib32/libc.a)getdtsz.o
(/usr/lib/gcc/x86_64-linux-gnu/4.8/../../../../lib32/libc.a)sethostname.o
(/usr/lib/gcc/x86_64-linux-gnu/4.8/../../../../lib32/libc.a)select.o
(/usr/lib/gcc/x86_64-linux-gnu/4.8/../../../../lib32/libc.a)chroot.o
(/usr/lib/gcc/x86_64-linux-gnu/4.8/../../../../lib32/libc.a)fsync.o
(/usr/lib/gcc/x86_64-linux-gnu/4.8/../../../../lib32/libc.a)sync.o
(/usr/lib/gcc/x86_64-linux-gnu/4.8/../../../../lib32/libc.a)fdatasync.o
(/usr/lib/gcc/x86_64-linux-gnu/4.8/../../../../lib32/libc.a)syncfs.o
(/usr/lib/gcc/x86_64-linux-gnu/4.8/../../../../lib32/libc.a)gethostid.o
(/usr/lib/gcc/x86_64-linux-gnu/4.8/../../../../lib32/libc.a)swapon.o
(/usr/lib/gcc/x86_64-linux-gnu/4.8/../../../../lib32/libc.a)swapoff.o
(/usr/lib/gcc/x86_64-linux-gnu/4.8/../../../../lib32/libc.a)mktemp.o
(/usr/lib/gcc/x86_64-linux-gnu/4.8/../../../../lib32/libc.a)mkstemp.o
(/usr/lib/gcc/x86_64-linux-gnu/4.8/../../../../lib32/libc.a)mkdtemp.o
(/usr/lib/gcc/x86_64-linux-gnu/4.8/../../../../lib32/libc.a)usleep.o
(/usr/lib/gcc/x86_64-linux-gnu/4.8/../../../../lib32/libc.a)mntent.o
(/usr/lib/gcc/x86_64-linux-gnu/4.8/../../../../lib32/libc.a)mntent_r.o
(/usr/lib/gcc/x86_64-linux-gnu/4.8/../../../../lib32/libc.a)utimes.o
(/usr/lib/gcc/x86_64-linux-gnu/4.8/../../../../lib32/libc.a)lutimes.o
(/usr/lib/gcc/x86_64-linux-gnu/4.8/../../../../lib32/libc.a)ftruncate64.o
(/usr/lib/gcc/x86_64-linux-gnu/4.8/../../../../lib32/libc.a)syslog.o
(/usr/lib/gcc/x86_64-linux-gnu/4.8/../../../../lib32/libc.a)syscall.o
(/usr/lib/gcc/x86_64-linux-gnu/4.8/../../../../lib32/libc.a)daemon.o
(/usr/lib/gcc/x86_64-linux-gnu/4.8/../../../../lib32/libc.a)mmap.o
(/usr/lib/gcc/x86_64-linux-gnu/4.8/../../../../lib32/libc.a)mmap64.o
(/usr/lib/gcc/x86_64-linux-gnu/4.8/../../../../lib32/libc.a)munmap.o
(/usr/lib/gcc/x86_64-linux-gnu/4.8/../../../../lib32/libc.a)mprotect.o
(/usr/lib/gcc/x86_64-linux-gnu/4.8/../../../../lib32/libc.a)madvise.o
(/usr/lib/gcc/x86_64-linux-gnu/4.8/../../../../lib32/libc.a)mlock.o
(/usr/lib/gcc/x86_64-linux-gnu/4.8/../../../../lib32/libc.a)munlock.o
(/usr/lib/gcc/x86_64-linux-gnu/4.8/../../../../lib32/libc.a)tsearch.o
(/usr/lib/gcc/x86_64-linux-gnu/4.8/../../../../lib32/libc.a)getsysstats.o
(/usr/lib/gcc/x86_64-linux-gnu/4.8/../../../../lib32/libc.a)dirname.o
(/usr/lib/gcc/x86_64-linux-gnu/4.8/../../../../lib32/libc.a)getclktck.o
(/usr/lib/gcc/x86_64-linux-gnu/4.8/../../../../lib32/libc.a)init-misc.o
(/usr/lib/gcc/x86_64-linux-gnu/4.8/../../../../lib32/libc.a)llseek.o
(/usr/lib/gcc/x86_64-linux-gnu/4.8/../../../../lib32/libc.a)umount2.o
(/usr/lib/gcc/x86_64-linux-gnu/4.8/../../../../lib32/libc.a)readahead.o
(/usr/lib/gcc/x86_64-linux-gnu/4.8/../../../../lib32/libc.a)makedev.o
(/usr/lib/gcc/x86_64-linux-gnu/4.8/../../../../lib32/libc.a)adjtimex.o
(/usr/lib/gcc/x86_64-linux-gnu/4.8/../../../../lib32/libc.a)klogctl.o
(/usr/lib/gcc/x86_64-linux-gnu/4.8/../../../../lib32/libc.a)mount.o
(/usr/lib/gcc/x86_64-linux-gnu/4.8/../../../../lib32/libc.a)mremap.o
(/usr/lib/gcc/x86_64-linux-gnu/4.8/../../../../lib32/libc.a)personality.o
(/usr/lib/gcc/x86_64-linux-gnu/4.8/../../../../lib32/libc.a)pivot_root.o
(/usr/lib/gcc/x86_64-linux-gnu/4.8/../../../../lib32/libc.a)sysinfo.o
(/usr/lib/gcc/x86_64-linux-gnu/4.8/../../../../lib32/libc.a)unshare.o
(/usr/lib/gcc/x86_64-linux-gnu/4.8/../../../../lib32/libc.a)setns.o
(/usr/lib/gcc/x86_64-linux-gnu/4.8/../../../../lib32/libc.a)accept.o
(/usr/lib/gcc/x86_64-linux-gnu/4.8/../../../../lib32/libc.a)bind.o
(/usr/lib/gcc/x86_64-linux-gnu/4.8/../../../../lib32/libc.a)connect.o
(/usr/lib/gcc/x86_64-linux-gnu/4.8/../../../../lib32/libc.a)getpeername.o
(/usr/lib/gcc/x86_64-linux-gnu/4.8/../../../../lib32/libc.a)getsockname.o
(/usr/lib/gcc/x86_64-linux-gnu/4.8/../../../../lib32/libc.a)getsockopt.o
(/usr/lib/gcc/x86_64-linux-gnu/4.8/../../../../lib32/libc.a)listen.o
(/usr/lib/gcc/x86_64-linux-gnu/4.8/../../../../lib32/libc.a)recv.o
(/usr/lib/gcc/x86_64-linux-gnu/4.8/../../../../lib32/libc.a)recvfrom.o
(/usr/lib/gcc/x86_64-linux-gnu/4.8/../../../../lib32/libc.a)recvmsg.o
(/usr/lib/gcc/x86_64-linux-gnu/4.8/../../../../lib32/libc.a)send.o
(/usr/lib/gcc/x86_64-linux-gnu/4.8/../../../../lib32/libc.a)sendmsg.o
(/usr/lib/gcc/x86_64-linux-gnu/4.8/../../../../lib32/libc.a)sendto.o
(/usr/lib/gcc/x86_64-linux-gnu/4.8/../../../../lib32/libc.a)setsockopt.o
(/usr/lib/gcc/x86_64-linux-gnu/4.8/../../../../lib32/libc.a)shutdown.o
(/usr/lib/gcc/x86_64-linux-gnu/4.8/../../../../lib32/libc.a)socket.o
(/usr/lib/gcc/x86_64-linux-gnu/4.8/../../../../lib32/libc.a)socketpair.o
(/usr/lib/gcc/x86_64-linux-gnu/4.8/../../../../lib32/libc.a)have_sock_cloexec.o
(/usr/lib/gcc/x86_64-linux-gnu/4.8/../../../../lib32/libc.a)cmsg_nxthdr.o
(/usr/lib/gcc/x86_64-linux-gnu/4.8/../../../../lib32/libc.a)msgget.o
(/usr/lib/gcc/x86_64-linux-gnu/4.8/../../../../lib32/libc.a)msgctl.o
(/usr/lib/gcc/x86_64-linux-gnu/4.8/../../../../lib32/libc.a)semop.o
(/usr/lib/gcc/x86_64-linux-gnu/4.8/../../../../lib32/libc.a)semget.o
(/usr/lib/gcc/x86_64-linux-gnu/4.8/../../../../lib32/libc.a)semctl.o
(/usr/lib/gcc/x86_64-linux-gnu/4.8/../../../../lib32/libc.a)shmat.o
(/usr/lib/gcc/x86_64-linux-gnu/4.8/../../../../lib32/libc.a)shmdt.o
(/usr/lib/gcc/x86_64-linux-gnu/4.8/../../../../lib32/libc.a)shmget.o
(/usr/lib/gcc/x86_64-linux-gnu/4.8/../../../../lib32/libc.a)shmctl.o
(/usr/lib/gcc/x86_64-linux-gnu/4.8/../../../../lib32/libc.a)wcfuncs.o
(/usr/lib/gcc/x86_64-linux-gnu/4.8/../../../../lib32/libc.a)wctype.o
(/usr/lib/gcc/x86_64-linux-gnu/4.8/../../../../lib32/libc.a)iswctype.o
(/usr/lib/gcc/x86_64-linux-gnu/4.8/../../../../lib32/libc.a)alloca_cutoff.o
(/usr/lib/gcc/x86_64-linux-gnu/4.8/../../../../lib32/libc.a)libc-lowlevellock.o
(/usr/lib/gcc/x86_64-linux-gnu/4.8/../../../../lib32/libc.a)libc-cancellation.o
(/usr/lib/gcc/x86_64-linux-gnu/4.8/../../../../lib32/libc.a)register-atfork.o
(/usr/lib/gcc/x86_64-linux-gnu/4.8/../../../../lib32/libc.a)memcpy_chk.o
(/usr/lib/gcc/x86_64-linux-gnu/4.8/../../../../lib32/libc.a)memmove_chk.o
(/usr/lib/gcc/x86_64-linux-gnu/4.8/../../../../lib32/libc.a)mempcpy_chk.o
(/usr/lib/gcc/x86_64-linux-gnu/4.8/../../../../lib32/libc.a)memset_chk.o
(/usr/lib/gcc/x86_64-linux-gnu/4.8/../../../../lib32/libc.a)strcat_chk.o
(/usr/lib/gcc/x86_64-linux-gnu/4.8/../../../../lib32/libc.a)strcpy_chk.o
(/usr/lib/gcc/x86_64-linux-gnu/4.8/../../../../lib32/libc.a)strncpy_chk.o
(/usr/lib/gcc/x86_64-linux-gnu/4.8/../../../../lib32/libc.a)sprintf_chk.o
(/usr/lib/gcc/x86_64-linux-gnu/4.8/../../../../lib32/libc.a)vsprintf_chk.o
(/usr/lib/gcc/x86_64-linux-gnu/4.8/../../../../lib32/libc.a)snprintf_chk.o
(/usr/lib/gcc/x86_64-linux-gnu/4.8/../../../../lib32/libc.a)vsnprintf_chk.o
(/usr/lib/gcc/x86_64-linux-gnu/4.8/../../../../lib32/libc.a)printf_chk.o
(/usr/lib/gcc/x86_64-linux-gnu/4.8/../../../../lib32/libc.a)fprintf_chk.o
(/usr/lib/gcc/x86_64-linux-gnu/4.8/../../../../lib32/libc.a)vprintf_chk.o
(/usr/lib/gcc/x86_64-linux-gnu/4.8/../../../../lib32/libc.a)vfprintf_chk.o
(/usr/lib/gcc/x86_64-linux-gnu/4.8/../../../../lib32/libc.a)chk_fail.o
(/usr/lib/gcc/x86_64-linux-gnu/4.8/../../../../lib32/libc.a)asprintf_chk.o
(/usr/lib/gcc/x86_64-linux-gnu/4.8/../../../../lib32/libc.a)vasprintf_chk.o
(/usr/lib/gcc/x86_64-linux-gnu/4.8/../../../../lib32/libc.a)dprintf_chk.o
(/usr/lib/gcc/x86_64-linux-gnu/4.8/../../../../lib32/libc.a)vdprintf_chk.o
(/usr/lib/gcc/x86_64-linux-gnu/4.8/../../../../lib32/libc.a)longjmp_chk.o
(/usr/lib/gcc/x86_64-linux-gnu/4.8/../../../../lib32/libc.a)____longjmp_chk.o
(/usr/lib/gcc/x86_64-linux-gnu/4.8/../../../../lib32/libc.a)fdelt_chk.o
(/usr/lib/gcc/x86_64-linux-gnu/4.8/../../../../lib32/libc.a)poll_chk.o
(/usr/lib/gcc/x86_64-linux-gnu/4.8/../../../../lib32/libc.a)stack_chk_fail.o
(/usr/lib/gcc/x86_64-linux-gnu/4.8/../../../../lib32/libc.a)fortify_fail.o
(/usr/lib/gcc/x86_64-linux-gnu/4.8/../../../../lib32/libc.a)backtrace.o
(/usr/lib/gcc/x86_64-linux-gnu/4.8/../../../../lib32/libc.a)backtracesymsfd.o
(/usr/lib/gcc/x86_64-linux-gnu/4.8/../../../../lib32/libc.a)idn-stub.o
(/usr/lib/gcc/x86_64-linux-gnu/4.8/../../../../lib32/libc.a)inet_ntoa.o
(/usr/lib/gcc/x86_64-linux-gnu/4.8/../../../../lib32/libc.a)herrno.o
(/usr/lib/gcc/x86_64-linux-gnu/4.8/../../../../lib32/libc.a)herrno-loc.o
(/usr/lib/gcc/x86_64-linux-gnu/4.8/../../../../lib32/libc.a)gethstbyad.o
(/usr/lib/gcc/x86_64-linux-gnu/4.8/../../../../lib32/libc.a)gethstbyad_r.o
(/usr/lib/gcc/x86_64-linux-gnu/4.8/../../../../lib32/libc.a)gethstbynm.o
(/usr/lib/gcc/x86_64-linux-gnu/4.8/../../../../lib32/libc.a)gethstbynm2_r.o
(/usr/lib/gcc/x86_64-linux-gnu/4.8/../../../../lib32/libc.a)gethstbynm_r.o
(/usr/lib/gcc/x86_64-linux-gnu/4.8/../../../../lib32/libc.a)getsrvbynm.o
(/usr/lib/gcc/x86_64-linux-gnu/4.8/../../../../lib32/libc.a)getsrvbynm_r.o
(/usr/lib/gcc/x86_64-linux-gnu/4.8/../../../../lib32/libc.a)getsrvbypt.o
(/usr/lib/gcc/x86_64-linux-gnu/4.8/../../../../lib32/libc.a)getsrvbypt_r.o
(/usr/lib/gcc/x86_64-linux-gnu/4.8/../../../../lib32/libc.a)ether_aton_r.o
(/usr/lib/gcc/x86_64-linux-gnu/4.8/../../../../lib32/libc.a)ether_hton.o
(/usr/lib/gcc/x86_64-linux-gnu/4.8/../../../../lib32/libc.a)in6_addr.o
(/usr/lib/gcc/x86_64-linux-gnu/4.8/../../../../lib32/libc.a)getnameinfo.o
(/usr/lib/gcc/x86_64-linux-gnu/4.8/../../../../lib32/libc.a)if_index.o
(/usr/lib/gcc/x86_64-linux-gnu/4.8/../../../../lib32/libc.a)ifaddrs.o
(/usr/lib/gcc/x86_64-linux-gnu/4.8/../../../../lib32/libc.a)check_pf.o
(/usr/lib/gcc/x86_64-linux-gnu/4.8/../../../../lib32/libc.a)check_native.o
(/usr/lib/gcc/x86_64-linux-gnu/4.8/../../../../lib32/libc.a)herror.o
(/usr/lib/gcc/x86_64-linux-gnu/4.8/../../../../lib32/libc.a)inet_addr.o
(/usr/lib/gcc/x86_64-linux-gnu/4.8/../../../../lib32/libc.a)inet_ntop.o
(/usr/lib/gcc/x86_64-linux-gnu/4.8/../../../../lib32/libc.a)inet_pton.o
(/usr/lib/gcc/x86_64-linux-gnu/4.8/../../../../lib32/libc.a)res_hconf.o
(/usr/lib/gcc/x86_64-linux-gnu/4.8/../../../../lib32/libc.a)res_libc.o
(/usr/lib/gcc/x86_64-linux-gnu/4.8/../../../../lib32/libc.a)res-state.o
(/usr/lib/gcc/x86_64-linux-gnu/4.8/../../../../lib32/libc.a)nsswitch.o
(/usr/lib/gcc/x86_64-linux-gnu/4.8/../../../../lib32/libc.a)getnssent.o
(/usr/lib/gcc/x86_64-linux-gnu/4.8/../../../../lib32/libc.a)getnssent_r.o
(/usr/lib/gcc/x86_64-linux-gnu/4.8/../../../../lib32/libc.a)grp-lookup.o
(/usr/lib/gcc/x86_64-linux-gnu/4.8/../../../../lib32/libc.a)pwd-lookup.o
(/usr/lib/gcc/x86_64-linux-gnu/4.8/../../../../lib32/libc.a)service-lookup.o
(/usr/lib/gcc/x86_64-linux-gnu/4.8/../../../../lib32/libc.a)hosts-lookup.o
(/usr/lib/gcc/x86_64-linux-gnu/4.8/../../../../lib32/libc.a)ethers-lookup.o
(/usr/lib/gcc/x86_64-linux-gnu/4.8/../../../../lib32/libc.a)digits_dots.o
(/usr/lib/gcc/x86_64-linux-gnu/4.8/../../../../lib32/libc.a)nscd_getpw_r.o
(/usr/lib/gcc/x86_64-linux-gnu/4.8/../../../../lib32/libc.a)nscd_getgr_r.o
(/usr/lib/gcc/x86_64-linux-gnu/4.8/../../../../lib32/libc.a)nscd_gethst_r.o
(/usr/lib/gcc/x86_64-linux-gnu/4.8/../../../../lib32/libc.a)nscd_getai.o
(/usr/lib/gcc/x86_64-linux-gnu/4.8/../../../../lib32/libc.a)nscd_initgroups.o
(/usr/lib/gcc/x86_64-linux-gnu/4.8/../../../../lib32/libc.a)nscd_getserv_r.o
(/usr/lib/gcc/x86_64-linux-gnu/4.8/../../../../lib32/libc.a)nscd_helper.o
(/usr/lib/gcc/x86_64-linux-gnu/4.8/../../../../lib32/libc.a)grantpt.o
(/usr/lib/gcc/x86_64-linux-gnu/4.8/../../../../lib32/libc.a)unlockpt.o
(/usr/lib/gcc/x86_64-linux-gnu/4.8/../../../../lib32/libc.a)ptsname.o
(/usr/lib/gcc/x86_64-linux-gnu/4.8/../../../../lib32/libc.a)getlogin_r.o
(/usr/lib/gcc/x86_64-linux-gnu/4.8/../../../../lib32/libc.a)setutxent.o
(/usr/lib/gcc/x86_64-linux-gnu/4.8/../../../../lib32/libc.a)getutxent.o
(/usr/lib/gcc/x86_64-linux-gnu/4.8/../../../../lib32/libc.a)endutxent.o
(/usr/lib/gcc/x86_64-linux-gnu/4.8/../../../../lib32/libc.a)pututxline.o
(/usr/lib/gcc/x86_64-linux-gnu/4.8/../../../../lib32/libc.a)utmpxname.o
(/usr/lib/gcc/x86_64-linux-gnu/4.8/../../../../lib32/libc.a)updwtmpx.o
(/usr/lib/gcc/x86_64-linux-gnu/4.8/../../../../lib32/libc.a)dl-support.o
(/usr/lib/gcc/x86_64-linux-gnu/4.8/../../../../lib32/libc.a)dl-addr.o
(/usr/lib/gcc/x86_64-linux-gnu/4.8/../../../../lib32/libc.a)enbl-secure.o
(/usr/lib/gcc/x86_64-linux-gnu/4.8/../../../../lib32/libc.a)dl-profstub.o
(/usr/lib/gcc/x86_64-linux-gnu/4.8/../../../../lib32/libc.a)dl-libc.o
(/usr/lib/gcc/x86_64-linux-gnu/4.8/../../../../lib32/libc.a)dl-sysdep.o
(/usr/lib/gcc/x86_64-linux-gnu/4.8/../../../../lib32/libc.a)init-first.o
(/usr/lib/gcc/x86_64-linux-gnu/4.8/../../../../lib32/libc.a)sysdep.o
(/usr/lib/gcc/x86_64-linux-gnu/4.8/../../../../lib32/libc.a)init-arch.o
(/usr/lib/gcc/x86_64-linux-gnu/4.8/../../../../lib32/libc.a)gconv_open.o
(/usr/lib/gcc/x86_64-linux-gnu/4.8/../../../../lib32/libc.a)gconv.o
(/usr/lib/gcc/x86_64-linux-gnu/4.8/../../../../lib32/libc.a)gconv_close.o
(/usr/lib/gcc/x86_64-linux-gnu/4.8/../../../../lib32/libc.a)gconv_db.o
(/usr/lib/gcc/x86_64-linux-gnu/4.8/../../../../lib32/libc.a)gconv_conf.o
(/usr/lib/gcc/x86_64-linux-gnu/4.8/../../../../lib32/libc.a)gconv_builtin.o
(/usr/lib/gcc/x86_64-linux-gnu/4.8/../../../../lib32/libc.a)gconv_simple.o
(/usr/lib/gcc/x86_64-linux-gnu/4.8/../../../../lib32/libc.a)gconv_trans.o
(/usr/lib/gcc/x86_64-linux-gnu/4.8/../../../../lib32/libc.a)gconv_cache.o
(/usr/lib/gcc/x86_64-linux-gnu/4.8/../../../../lib32/libc.a)gconv_dl.o
(/usr/lib/gcc/x86_64-linux-gnu/4.8/../../../../lib32/libc.a)catnames.o
(/usr/lib/gcc/x86_64-linux-gnu/4.8/../../../../lib32/libc.a)setlocale.o
(/usr/lib/gcc/x86_64-linux-gnu/4.8/../../../../lib32/libc.a)findlocale.o
(/usr/lib/gcc/x86_64-linux-gnu/4.8/../../../../lib32/libc.a)loadlocale.o
(/usr/lib/gcc/x86_64-linux-gnu/4.8/../../../../lib32/libc.a)loadarchive.o
(/usr/lib/gcc/x86_64-linux-gnu/4.8/../../../../lib32/libc.a)C-ctype.o
(/usr/lib/gcc/x86_64-linux-gnu/4.8/../../../../lib32/libc.a)C-time.o
(/usr/lib/gcc/x86_64-linux-gnu/4.8/../../../../lib32/libc.a)SYS_libc.o
(/usr/lib/gcc/x86_64-linux-gnu/4.8/../../../../lib32/libc.a)C_name.o
(/usr/lib/gcc/x86_64-linux-gnu/4.8/../../../../lib32/libc.a)xlocale.o
(/usr/lib/gcc/x86_64-linux-gnu/4.8/../../../../lib32/libc.a)global-locale.o
(/usr/lib/gcc/x86_64-linux-gnu/4.8/../../../../lib32/libc.a)coll-lookup.o
(/usr/lib/gcc/x86_64-linux-gnu/4.8/../../../../lib32/libc.a)lc-ctype.o
(/usr/lib/gcc/x86_64-linux-gnu/4.8/../../../../lib32/libc.a)lc-collate.o
(/usr/lib/gcc/x86_64-linux-gnu/4.8/../../../../lib32/libc.a)C-messages.o
(/usr/lib/gcc/x86_64-linux-gnu/4.8/../../../../lib32/libc.a)C-monetary.o
(/usr/lib/gcc/x86_64-linux-gnu/4.8/../../../../lib32/libc.a)C-numeric.o
(/usr/lib/gcc/x86_64-linux-gnu/4.8/../../../../lib32/libc.a)C-paper.o
(/usr/lib/gcc/x86_64-linux-gnu/4.8/../../../../lib32/libc.a)C-name.o
(/usr/lib/gcc/x86_64-linux-gnu/4.8/../../../../lib32/libc.a)C-address.o
(/usr/lib/gcc/x86_64-linux-gnu/4.8/../../../../lib32/libc.a)C-telephone.o
(/usr/lib/gcc/x86_64-linux-gnu/4.8/../../../../lib32/libc.a)C-measurement.o
(/usr/lib/gcc/x86_64-linux-gnu/4.8/../../../../lib32/libc.a)C-identification.o
(/usr/lib/gcc/x86_64-linux-gnu/4.8/../../../../lib32/libc.a)C-collate.o
(/usr/lib/gcc/x86_64-linux-gnu/4.8/../../../../lib32/libc.a)localename.o
(/usr/lib/gcc/x86_64-linux-gnu/4.8/../../../../lib32/libc.a)ctype-info.o
(/usr/lib/gcc/x86_64-linux-gnu/4.8/../../../../lib32/libc.a)setfpucw.o
(/usr/lib/gcc/x86_64-linux-gnu/4.8/../../../../lib32/libc.a)fpu_control.o
(/usr/lib/gcc/x86_64-linux-gnu/4.8/../../../../lib32/libc.a)jmp-unwind.o
(/usr/lib/gcc/x86_64-linux-gnu/4.8/../../../../lib32/libc.a)allocrtsig.o
(/usr/lib/gcc/x86_64-linux-gnu/4.8/../../../../lib32/libc.a)add_n.o
(/usr/lib/gcc/x86_64-linux-gnu/4.8/../../../../lib32/libc.a)cmp.o
(/usr/lib/gcc/x86_64-linux-gnu/4.8/../../../../lib32/libc.a)lshift.o
(/usr/lib/gcc/x86_64-linux-gnu/4.8/../../../../lib32/libc.a)rshift.o
(/usr/lib/gcc/x86_64-linux-gnu/4.8/../../../../lib32/libc.a)mul.o
(/usr/lib/gcc/x86_64-linux-gnu/4.8/../../../../lib32/libc.a)mul_1.o
(/usr/lib/gcc/x86_64-linux-gnu/4.8/../../../../lib32/libc.a)mul_n.o
(/usr/lib/gcc/x86_64-linux-gnu/4.8/../../../../lib32/libc.a)sub_n.o
(/usr/lib/gcc/x86_64-linux-gnu/4.8/../../../../lib32/libc.a)submul_1.o
(/usr/lib/gcc/x86_64-linux-gnu/4.8/../../../../lib32/libc.a)mpn2dbl.o
(/usr/lib/gcc/x86_64-linux-gnu/4.8/../../../../lib32/libc.a)qsort.o
(/usr/lib/gcc/x86_64-linux-gnu/4.8/../../../../lib32/libc.a)secure-getenv.o
(/usr/lib/gcc/x86_64-linux-gnu/4.8/../../../../lib32/libc.a)_itoa.o
(/usr/lib/gcc/x86_64-linux-gnu/4.8/../../../../lib32/libc.a)itoa-digits.o
(/usr/lib/gcc/x86_64-linux-gnu/4.8/../../../../lib32/libc.a)itoa-udigits.o
(/usr/lib/gcc/x86_64-linux-gnu/4.8/../../../../lib32/libc.a)vfprintf.o
(/usr/lib/gcc/x86_64-linux-gnu/4.8/../../../../lib32/libc.a)printf_fp.o
(/usr/lib/gcc/x86_64-linux-gnu/4.8/../../../../lib32/libc.a)reg-printf.o
(/usr/lib/gcc/x86_64-linux-gnu/4.8/../../../../lib32/libc.a)printf_fphex.o
(/usr/lib/gcc/x86_64-linux-gnu/4.8/../../../../lib32/libc.a)reg-modifier.o
(/usr/lib/gcc/x86_64-linux-gnu/4.8/../../../../lib32/libc.a)reg-type.o
(/usr/lib/gcc/x86_64-linux-gnu/4.8/../../../../lib32/libc.a)fprintf.o
(/usr/lib/gcc/x86_64-linux-gnu/4.8/../../../../lib32/libc.a)sprintf.o
(/usr/lib/gcc/x86_64-linux-gnu/4.8/../../../../lib32/libc.a)dprintf.o
(/usr/lib/gcc/x86_64-linux-gnu/4.8/../../../../lib32/libc.a)vfscanf.o
(/usr/lib/gcc/x86_64-linux-gnu/4.8/../../../../lib32/libc.a)tempname.o
(/usr/lib/gcc/x86_64-linux-gnu/4.8/../../../../lib32/libc.a)funlockfile.o
(/usr/lib/gcc/x86_64-linux-gnu/4.8/../../../../lib32/libc.a)vfwprintf.o
(/usr/lib/gcc/x86_64-linux-gnu/4.8/../../../../lib32/libc.a)errlist.o
(/usr/lib/gcc/x86_64-linux-gnu/4.8/../../../../lib32/libc.a)siglist.o
(/usr/lib/gcc/x86_64-linux-gnu/4.8/../../../../lib32/libc.a)printf-parsemb.o
(/usr/lib/gcc/x86_64-linux-gnu/4.8/../../../../lib32/libc.a)printf-parsewc.o
(/usr/lib/gcc/x86_64-linux-gnu/4.8/../../../../lib32/libc.a)filedoalloc.o
(/usr/lib/gcc/x86_64-linux-gnu/4.8/../../../../lib32/libc.a)ioftell.o
(/usr/lib/gcc/x86_64-linux-gnu/4.8/../../../../lib32/libc.a)iogetline.o
(/usr/lib/gcc/x86_64-linux-gnu/4.8/../../../../lib32/libc.a)iopadn.o
(/usr/lib/gcc/x86_64-linux-gnu/4.8/../../../../lib32/libc.a)ioseekoff.o
(/usr/lib/gcc/x86_64-linux-gnu/4.8/../../../../lib32/libc.a)iosetbuffer.o
(/usr/lib/gcc/x86_64-linux-gnu/4.8/../../../../lib32/libc.a)iovsprintf.o
(/usr/lib/gcc/x86_64-linux-gnu/4.8/../../../../lib32/libc.a)iofwide.o
(/usr/lib/gcc/x86_64-linux-gnu/4.8/../../../../lib32/libc.a)fseek.o
(/usr/lib/gcc/x86_64-linux-gnu/4.8/../../../../lib32/libc.a)memstream.o
(/usr/lib/gcc/x86_64-linux-gnu/4.8/../../../../lib32/libc.a)iovdprintf.o
(/usr/lib/gcc/x86_64-linux-gnu/4.8/../../../../lib32/libc.a)ftello.o
(/usr/lib/gcc/x86_64-linux-gnu/4.8/../../../../lib32/libc.a)iofread_u.o
(/usr/lib/gcc/x86_64-linux-gnu/4.8/../../../../lib32/libc.a)wfiledoalloc.o
(/usr/lib/gcc/x86_64-linux-gnu/4.8/../../../../lib32/libc.a)iowpadn.o
(/usr/lib/gcc/x86_64-linux-gnu/4.8/../../../../lib32/libc.a)wgenops.o
(/usr/lib/gcc/x86_64-linux-gnu/4.8/../../../../lib32/libc.a)sdlerror.o
(/usr/lib/gcc/x86_64-linux-gnu/4.8/../../../../lib32/libc.a)sdladdr.o
(/usr/lib/gcc/x86_64-linux-gnu/4.8/../../../../lib32/libc.a)sdladdr1.o
(/usr/lib/gcc/x86_64-linux-gnu/4.8/../../../../lib32/libc.a)sdlinfo.o
(/usr/lib/gcc/x86_64-linux-gnu/4.8/../../../../lib32/libc.a)sdlmopen.o
(/usr/lib/gcc/x86_64-linux-gnu/4.8/../../../../lib32/libc.a)strcoll.o
(/usr/lib/gcc/x86_64-linux-gnu/4.8/../../../../lib32/libc.a)memmem.o
(/usr/lib/gcc/x86_64-linux-gnu/4.8/../../../../lib32/libc.a)argz-ctsep.o
(/usr/lib/gcc/x86_64-linux-gnu/4.8/../../../../lib32/libc.a)argz-addsep.o
(/usr/lib/gcc/x86_64-linux-gnu/4.8/../../../../lib32/libc.a)strcoll_l.o
(/usr/lib/gcc/x86_64-linux-gnu/4.8/../../../../lib32/libc.a)varshift.o
(/usr/lib/gcc/x86_64-linux-gnu/4.8/../../../../lib32/libc.a)wmemcpy.o
(/usr/lib/gcc/x86_64-linux-gnu/4.8/../../../../lib32/libc.a)wmemset.o
(/usr/lib/gcc/x86_64-linux-gnu/4.8/../../../../lib32/libc.a)wcscat.o
(/usr/lib/gcc/x86_64-linux-gnu/4.8/../../../../lib32/libc.a)wcschr.o
(/usr/lib/gcc/x86_64-linux-gnu/4.8/../../../../lib32/libc.a)wcslen.o
(/usr/lib/gcc/x86_64-linux-gnu/4.8/../../../../lib32/libc.a)wmemchr.o
(/usr/lib/gcc/x86_64-linux-gnu/4.8/../../../../lib32/libc.a)wmemmove.o
(/usr/lib/gcc/x86_64-linux-gnu/4.8/../../../../lib32/libc.a)btowc.o
(/usr/lib/gcc/x86_64-linux-gnu/4.8/../../../../lib32/libc.a)mbrlen.o
(/usr/lib/gcc/x86_64-linux-gnu/4.8/../../../../lib32/libc.a)mbrtowc.o
(/usr/lib/gcc/x86_64-linux-gnu/4.8/../../../../lib32/libc.a)wcrtomb.o
(/usr/lib/gcc/x86_64-linux-gnu/4.8/../../../../lib32/libc.a)mbsrtowcs.o
(/usr/lib/gcc/x86_64-linux-gnu/4.8/../../../../lib32/libc.a)wcsrtombs.o
(/usr/lib/gcc/x86_64-linux-gnu/4.8/../../../../lib32/libc.a)wcsnlen.o
(/usr/lib/gcc/x86_64-linux-gnu/4.8/../../../../lib32/libc.a)wcschrnul.o
(/usr/lib/gcc/x86_64-linux-gnu/4.8/../../../../lib32/libc.a)wcscoll.o
(/usr/lib/gcc/x86_64-linux-gnu/4.8/../../../../lib32/libc.a)wcscoll_l.o
(/usr/lib/gcc/x86_64-linux-gnu/4.8/../../../../lib32/libc.a)mbsrtowcs_l.o
(/usr/lib/gcc/x86_64-linux-gnu/4.8/../../../../lib32/libc.a)wcslen-sse2.o
(/usr/lib/gcc/x86_64-linux-gnu/4.8/../../../../lib32/libc.a)wcslen-c.o
(/usr/lib/gcc/x86_64-linux-gnu/4.8/../../../../lib32/libc.a)wcschr-sse2.o
(/usr/lib/gcc/x86_64-linux-gnu/4.8/../../../../lib32/libc.a)wcschr-c.o
(/usr/lib/gcc/x86_64-linux-gnu/4.8/../../../../lib32/libc.a)offtime.o
(/usr/lib/gcc/x86_64-linux-gnu/4.8/../../../../lib32/libc.a)asctime.o
(/usr/lib/gcc/x86_64-linux-gnu/4.8/../../../../lib32/libc.a)readdir.o
(/usr/lib/gcc/x86_64-linux-gnu/4.8/../../../../lib32/libc.a)rewinddir.o
(/usr/lib/gcc/x86_64-linux-gnu/4.8/../../../../lib32/libc.a)getdents.o
(/usr/lib/gcc/x86_64-linux-gnu/4.8/../../../../lib32/libc.a)getdents64.o
(/usr/lib/gcc/x86_64-linux-gnu/4.8/../../../../lib32/libc.a)fdopendir.o
(/usr/lib/gcc/x86_64-linux-gnu/4.8/../../../../lib32/libc.a)glob.o
(/usr/lib/gcc/x86_64-linux-gnu/4.8/../../../../lib32/libc.a)xstat.o
(/usr/lib/gcc/x86_64-linux-gnu/4.8/../../../../lib32/libc.a)openat64.o
(/usr/lib/gcc/x86_64-linux-gnu/4.8/../../../../lib32/libc.a)lseek.o
(/usr/lib/gcc/x86_64-linux-gnu/4.8/../../../../lib32/libc.a)xstatconv.o
(/usr/lib/gcc/x86_64-linux-gnu/4.8/../../../../lib32/libc.a)setrlimit.o
(/usr/lib/gcc/x86_64-linux-gnu/4.8/../../../../lib32/libc.a)brk.o
(/usr/lib/gcc/x86_64-linux-gnu/4.8/../../../../lib32/libc.a)readv.o
(/usr/lib/gcc/x86_64-linux-gnu/4.8/../../../../lib32/libc.a)writev.o
(/usr/lib/gcc/x86_64-linux-gnu/4.8/../../../../lib32/libc.a)gethostname.o
(/usr/lib/gcc/x86_64-linux-gnu/4.8/../../../../lib32/libc.a)opensock.o
(/usr/lib/gcc/x86_64-linux-gnu/4.8/../../../../lib32/libc.a)wctrans.o
(/usr/lib/gcc/x86_64-linux-gnu/4.8/../../../../lib32/libc.a)towctrans.o
(/usr/lib/gcc/x86_64-linux-gnu/4.8/../../../../lib32/libc.a)readonly-area.o
(/usr/lib/gcc/x86_64-linux-gnu/4.8/../../../../lib32/libc.a)ifreq.o
(/usr/lib/gcc/x86_64-linux-gnu/4.8/../../../../lib32/libc.a)res_init.o
(/usr/lib/gcc/x86_64-linux-gnu/4.8/../../../../lib32/libc.a)nis_hash.o
(/usr/lib/gcc/x86_64-linux-gnu/4.8/../../../../lib32/libc.a)getpt.o
(/usr/lib/gcc/x86_64-linux-gnu/4.8/../../../../lib32/libc.a)getutent.o
(/usr/lib/gcc/x86_64-linux-gnu/4.8/../../../../lib32/libc.a)getutent_r.o
(/usr/lib/gcc/x86_64-linux-gnu/4.8/../../../../lib32/libc.a)utmp_file.o
(/usr/lib/gcc/x86_64-linux-gnu/4.8/../../../../lib32/libc.a)utmpname.o
(/usr/lib/gcc/x86_64-linux-gnu/4.8/../../../../lib32/libc.a)updwtmp.o
(/usr/lib/gcc/x86_64-linux-gnu/4.8/../../../../lib32/libc.a)dl-load.o
(/usr/lib/gcc/x86_64-linux-gnu/4.8/../../../../lib32/libc.a)dl-lookup.o
(/usr/lib/gcc/x86_64-linux-gnu/4.8/../../../../lib32/libc.a)dl-object.o
(/usr/lib/gcc/x86_64-linux-gnu/4.8/../../../../lib32/libc.a)dl-reloc.o
(/usr/lib/gcc/x86_64-linux-gnu/4.8/../../../../lib32/libc.a)dl-hwcaps.o
(/usr/lib/gcc/x86_64-linux-gnu/4.8/../../../../lib32/libc.a)dl-error.o
(/usr/lib/gcc/x86_64-linux-gnu/4.8/../../../../lib32/libc.a)dl-debug.o
(/usr/lib/gcc/x86_64-linux-gnu/4.8/../../../../lib32/libc.a)dl-misc.o
(/usr/lib/gcc/x86_64-linux-gnu/4.8/../../../../lib32/libc.a)dl-profile.o
(/usr/lib/gcc/x86_64-linux-gnu/4.8/../../../../lib32/libc.a)dl-tls.o
(/usr/lib/gcc/x86_64-linux-gnu/4.8/../../../../lib32/libc.a)dl-origin.o
(/usr/lib/gcc/x86_64-linux-gnu/4.8/../../../../lib32/libc.a)dl-scope.o
(/usr/lib/gcc/x86_64-linux-gnu/4.8/../../../../lib32/libc.a)dl-execstack.o
(/usr/lib/gcc/x86_64-linux-gnu/4.8/../../../../lib32/libc.a)dl-open.o
(/usr/lib/gcc/x86_64-linux-gnu/4.8/../../../../lib32/libc.a)dl-close.o
(/usr/lib/gcc/x86_64-linux-gnu/4.8/../../../../lib32/libc.a)dl-trampoline.o
(/usr/lib/gcc/x86_64-linux-gnu/4.8/../../../../lib32/libc.a)dl-cache.o
(/usr/lib/gcc/x86_64-linux-gnu/4.8/../../../../lib32/libc.a)dl-tsd.o
(/usr/lib/gcc/x86_64-linux-gnu/4.8/../../../../lib32/libc.a)tlsdesc.o
(/usr/lib/gcc/x86_64-linux-gnu/4.8/../../../../lib32/libc.a)dl-tlsdesc.o
(/usr/lib/gcc/x86_64-linux-gnu/4.8/../../../../lib32/libc.a)lc-monetary.o
(/usr/lib/gcc/x86_64-linux-gnu/4.8/../../../../lib32/libc.a)lc-numeric.o
(/usr/lib/gcc/x86_64-linux-gnu/4.8/../../../../lib32/libc.a)s_isinf.o
(/usr/lib/gcc/x86_64-linux-gnu/4.8/../../../../lib32/libc.a)s_isinfl.o
(/usr/lib/gcc/x86_64-linux-gnu/4.8/../../../../lib32/libc.a)s_isnanl.o
(/usr/lib/gcc/x86_64-linux-gnu/4.8/../../../../lib32/libc.a)setjmp.o
(/usr/lib/gcc/x86_64-linux-gnu/4.8/../../../../lib32/libc.a)sigjmp.o
(/usr/lib/gcc/x86_64-linux-gnu/4.8/../../../../lib32/libc.a)__longjmp.o
(/usr/lib/gcc/x86_64-linux-gnu/4.8/../../../../lib32/libc.a)addmul_1.o
(/usr/lib/gcc/x86_64-linux-gnu/4.8/../../../../lib32/libc.a)divrem.o
(/usr/lib/gcc/x86_64-linux-gnu/4.8/../../../../lib32/libc.a)dbl2mpn.o
(/usr/lib/gcc/x86_64-linux-gnu/4.8/../../../../lib32/libc.a)ldbl2mpn.o
(/usr/lib/gcc/x86_64-linux-gnu/4.8/../../../../lib32/libc.a)strtof.o
(/usr/lib/gcc/x86_64-linux-gnu/4.8/../../../../lib32/libc.a)strtold.o
(/usr/lib/gcc/x86_64-linux-gnu/4.8/../../../../lib32/libc.a)strtof_l.o
(/usr/lib/gcc/x86_64-linux-gnu/4.8/../../../../lib32/libc.a)strtold_l.o
(/usr/lib/gcc/x86_64-linux-gnu/4.8/../../../../lib32/libc.a)strtof_nan.o
(/usr/lib/gcc/x86_64-linux-gnu/4.8/../../../../lib32/libc.a)strtold_nan.o
(/usr/lib/gcc/x86_64-linux-gnu/4.8/../../../../lib32/libc.a)_itowa.o
(/usr/lib/gcc/x86_64-linux-gnu/4.8/../../../../lib32/libc.a)itowa-digits.o
(/usr/lib/gcc/x86_64-linux-gnu/4.8/../../../../lib32/libc.a)sdlopen.o
(/usr/lib/gcc/x86_64-linux-gnu/4.8/../../../../lib32/libc.a)sdlclose.o
(/usr/lib/gcc/x86_64-linux-gnu/4.8/../../../../lib32/libc.a)sdlsym.o
(/usr/lib/gcc/x86_64-linux-gnu/4.8/../../../../lib32/libc.a)sdlvsym.o
(/usr/lib/gcc/x86_64-linux-gnu/4.8/../../../../lib32/libc.a)wcscmp.o
(/usr/lib/gcc/x86_64-linux-gnu/4.8/../../../../lib32/libc.a)wcscmp-sse2.o
(/usr/lib/gcc/x86_64-linux-gnu/4.8/../../../../lib32/libc.a)wcscmp-c.o
(/usr/lib/gcc/x86_64-linux-gnu/4.8/../../../../lib32/libc.a)statfs.o
(/usr/lib/gcc/x86_64-linux-gnu/4.8/../../../../lib32/libc.a)profil.o
(/usr/lib/gcc/x86_64-linux-gnu/4.8/../../../../lib32/libc.a)prof-freq.o
(/usr/lib/gcc/x86_64-linux-gnu/4.8/../../../../lib32/libc.a)inet_mkadr.o
(/usr/lib/gcc/x86_64-linux-gnu/4.8/../../../../lib32/libc.a)dl-deps.o
(/usr/lib/gcc/x86_64-linux-gnu/4.8/../../../../lib32/libc.a)dl-runtime.o
(/usr/lib/gcc/x86_64-linux-gnu/4.8/../../../../lib32/libc.a)dl-init.o
(/usr/lib/gcc/x86_64-linux-gnu/4.8/../../../../lib32/libc.a)dl-fini.o
(/usr/lib/gcc/x86_64-linux-gnu/4.8/../../../../lib32/libc.a)dl-version.o
(/usr/lib/gcc/x86_64-linux-gnu/4.8/../../../../lib32/libc.a)dl-sym.o
(/usr/lib/gcc/x86_64-linux-gnu/4.8/../../../../lib32/libc.a)mpn2flt.o
(/usr/lib/gcc/x86_64-linux-gnu/4.8/../../../../lib32/libc.a)mpn2ldbl.o
(/usr/lib/gcc/x86_64-linux-gnu/4.8/../../../../lib32/libc.a)setitimer.o
(/usr/lib/gcc/x86_64-linux-gnu/4.8/32/libgcc_eh.a)unwind-dw2.o
(/usr/lib/gcc/x86_64-linux-gnu/4.8/32/libgcc_eh.a)unwind-dw2-fde-dip.o
(/usr/lib/gcc/x86_64-linux-gnu/4.8/32/libgcc_eh.a)unwind-c.o
(/usr/lib/gcc/x86_64-linux-gnu/4.8/../../../../lib32/libc.a)dl-iteratephdr.o
attempt to open /usr/lib/gcc/x86_64-linux-gnu/4.8/32/crtend.o succeeded
/usr/lib/gcc/x86_64-linux-gnu/4.8/32/crtend.o
attempt to open /usr/lib/gcc/x86_64-linux-gnu/4.8/../../../../lib32/crtn.o succeeded
/usr/lib/gcc/x86_64-linux-gnu/4.8/../../../../lib32/crtn.ocoreutils/lib.a(id.o): In function `get_groups':
id.c:(.text.get_groups+0x13): warning: Using 'getgrouplist' in statically linked applications requires at runtime the shared libraries from the glibc version used for linking
libbb/lib.a(change_identity.o): In function `change_identity':
change_identity.c:(.text.change_identity+0xf): warning: Using 'initgroups' in statically linked applications requires at runtime the shared libraries from the glibc version used for linking
libbb/lib.a(appletlib.o): In function `run_applet_no_and_exit':
appletlib.c:(.text.run_applet_no_and_exit+0xce): warning: Using 'getgrgid' in statically linked applications requires at runtime the shared libraries from the glibc version used for linking
libpwdgrp/lib.a(uidgid_get.o): In function `get_uidgid':
uidgid_get.c:(.text.get_uidgid+0xc6): warning: Using 'getgrnam' in statically linked applications requires at runtime the shared libraries from the glibc version used for linking
libbb/lib.a(change_identity.o): In function `change_identity':
change_identity.c:(.text.change_identity+0x16): warning: Using 'endgrent' in statically linked applications requires at runtime the shared libraries from the glibc version used for linking
libbb/lib.a(lineedit.o): In function `complete_username':
lineedit.c:(.text.complete_username+0x1d): warning: Using 'getpwent' in statically linked applications requires at runtime the shared libraries from the glibc version used for linking
libbb/lib.a(appletlib.o): In function `run_applet_no_and_exit':
appletlib.c:(.text.run_applet_no_and_exit+0xea): warning: Using 'getpwnam' in statically linked applications requires at runtime the shared libraries from the glibc version used for linking
libpwdgrp/lib.a(uidgid_get.o): In function `get_uidgid':
uidgid_get.c:(.text.get_uidgid+0x6a): warning: Using 'getpwuid' in statically linked applications requires at runtime the shared libraries from the glibc version used for linking
libbb/lib.a(lineedit.o): In function `complete_username':
lineedit.c:(.text.complete_username+0x18): warning: Using 'setpwent' in statically linked applications requires at runtime the shared libraries from the glibc version used for linking
lineedit.c:(.text.complete_username+0x4d): warning: Using 'endpwent' in statically linked applications requires at runtime the shared libraries from the glibc version used for linking
networking/lib.a(nslookup.o): In function `print_host':
nslookup.c:(.text.print_host+0x33): warning: Using 'getaddrinfo' in statically linked applications requires at runtime the shared libraries from the glibc version used for linking
debianutils/lib.a(mktemp.o): In function `mktemp_main':
mktemp.c:(.text.mktemp_main+0x86): warning: the use of `mktemp' is dangerous, better use `mkstemp' or `mkdtemp'
networking/lib.a(ipcalc.o): In function `ipcalc_main':
ipcalc.c:(.text.ipcalc_main+0x1f1): warning: Using 'gethostbyaddr' in statically linked applications requires at runtime the shared libraries from the glibc version used for linking
libbb/lib.a(inet_common.o): In function `INET_resolve':
inet_common.c:(.text.INET_resolve+0x55): warning: Using 'gethostbyname' in statically linked applications requires at runtime the shared libraries from the glibc version used for linking
networking/lib.a(inetd.o): In function `reread_config_file':
inetd.c:(.text.reread_config_file+0x231): warning: Using 'getservbyname' in statically linked applications requires at runtime the shared libraries from the glibc version used for linking
networking/lib.a(netstat.o): In function `ip_port_str':
netstat.c:(.text.ip_port_str+0x3c): warning: Using 'getservbyport' in statically linked applications requires at runtime the shared libraries from the glibc version used for linking

